Component: ARM Compiler 5.06 update 5 (build 528) Tool: armlink [4d35e2]

==============================================================================

Section Cross References

    main.o(i.main) refers to misc.o(i.NVIC_PriorityGroupConfig) for NVIC_PriorityGroupConfig
    main.o(i.main) refers to led.o(i.LED_Init) for LED_Init
    main.o(i.main) refers to oled.o(i.OLED_Init) for OLED_Init
    main.o(i.main) refers to beep.o(i.BEEP_Init) for BEEP_Init
    main.o(i.main) refers to exti.o(i.Exit_Init) for Exit_Init
    main.o(i.main) refers to tim_2.o(i.TIM_2_Init) for TIM_2_Init
    main.o(i.main) refers to rtc.o(i.RTC_Config) for RTC_Config
    main.o(i.main) refers to usart2.o(i.USART2_init) for USART2_init
    main.o(i.main) refers to usart3_tim3_wifi.o(i.usart3_init) for usart3_init
    main.o(i.main) refers to usart1_su30t.o(i.usart1_init) for usart1_init
    main.o(i.main) refers to oled.o(i.OLED_Clear) for OLED_Clear
    main.o(i.main) refers to oled.o(i.OLED_ShowChinese) for OLED_ShowChinese
    main.o(i.main) refers to oled.o(i.OLED_ShowString) for OLED_ShowString
    main.o(i.main) refers to oled.o(i.OLED_Refresh) for OLED_Refresh
    main.o(i.main) refers to wifi.o(i.acquire_weather_message) for acquire_weather_message
    main.o(i.main) refers to wifi.o(i.acquire_time_message) for acquire_time_message
    main.o(i.main) refers to main.o(i.set_network_time) for set_network_time
    main.o(i.main) refers to main.o(i.time_show) for time_show
    main.o(i.main) refers to menu.o(i.menu) for menu
    main.o(i.main) refers to beep.o(i.BEEP_OFF) for BEEP_OFF
    main.o(i.main) refers to led.o(i.LED1_ON) for LED1_ON
    main.o(i.main) refers to usart1_su30t.o(i.USART1_send_weather_message) for USART1_send_weather_message
    main.o(i.main) refers to usart1_su30t.o(i.USART1_send_time_message) for USART1_send_time_message
    main.o(i.main) refers to exti.o(.data) for exti_2
    main.o(i.main) refers to alarm_clock_ui.o(.data) for alarm_clock_start
    main.o(i.main) refers to usart1_su30t.o(.data) for USART1_RverFlag
    main.o(i.set_network_time) refers to main.o(i.simple_atoi) for simple_atoi
    main.o(i.set_network_time) refers to stm32f10x_rcc.o(i.RCC_APB1PeriphClockCmd) for RCC_APB1PeriphClockCmd
    main.o(i.set_network_time) refers to stm32f10x_pwr.o(i.PWR_BackupAccessCmd) for PWR_BackupAccessCmd
    main.o(i.set_network_time) refers to stm32f10x_rtc.o(i.RTC_WaitForLastTask) for RTC_WaitForLastTask
    main.o(i.set_network_time) refers to stm32f10x_rtc.o(i.RTC_SetCounter) for RTC_SetCounter
    main.o(i.set_network_time) refers to wifi.o(.bss) for timestamp
    main.o(i.simple_atoi) refers to strlen.o(.text) for strlen
    main.o(i.simple_atoi) refers to dflt_clz.o(x$fpl$dflt) for __aeabi_i2d
    main.o(i.simple_atoi) refers to pow.o(i.pow) for pow
    main.o(i.simple_atoi) refers to dmul.o(x$fpl$dmul) for __aeabi_dmul
    main.o(i.simple_atoi) refers to daddsub_clz.o(x$fpl$dadd) for __aeabi_dadd
    main.o(i.simple_atoi) refers to dfix.o(x$fpl$dfix) for __aeabi_d2iz
    main.o(i.time_show) refers to rtc.o(i.RTC_Get) for RTC_Get
    main.o(i.time_show) refers to oled.o(i.OLED_ShowNum) for OLED_ShowNum
    main.o(i.time_show) refers to oled.o(i.OLED_ShowChar) for OLED_ShowChar
    main.o(i.time_show) refers to oled.o(i.OLED_ShowChinese) for OLED_ShowChinese
    main.o(i.time_show) refers to usart1_su30t.o(i.USART1_send_weather_message) for USART1_send_weather_message
    main.o(i.time_show) refers to usart1_su30t.o(i.USART1_send_time_message) for USART1_send_time_message
    main.o(i.time_show) refers to main.o(i.weather_show) for weather_show
    main.o(i.time_show) refers to oled.o(i.OLED_Refresh) for OLED_Refresh
    main.o(i.time_show) refers to rtc.o(.data) for ryear
    main.o(i.time_show) refers to usart1_su30t.o(.data) for USART1_RverFlag
    main.o(i.time_show) refers to alarm_clock_ui.o(.data) for alarm_clock_start
    main.o(i.time_show) refers to wifi.o(.data) for WIFI_connect_succeed
    main.o(i.weather_show) refers to oled.o(i.OLED_ShowString) for OLED_ShowString
    main.o(i.weather_show) refers to strcmpv7m.o(.text) for strcmp
    main.o(i.weather_show) refers to oled.o(i.OLED_ShowChinese) for OLED_ShowChinese
    main.o(i.weather_show) refers to wifi.o(.bss) for results
    startup_stm32f10x_md.o(STACK) refers (Special) to heapauxi.o(.text) for __use_two_region_memory
    startup_stm32f10x_md.o(HEAP) refers (Special) to heapauxi.o(.text) for __use_two_region_memory
    startup_stm32f10x_md.o(RESET) refers (Special) to heapauxi.o(.text) for __use_two_region_memory
    startup_stm32f10x_md.o(RESET) refers to startup_stm32f10x_md.o(STACK) for __initial_sp
    startup_stm32f10x_md.o(RESET) refers to startup_stm32f10x_md.o(.text) for Reset_Handler
    startup_stm32f10x_md.o(RESET) refers to stm32f10x_it.o(i.NMI_Handler) for NMI_Handler
    startup_stm32f10x_md.o(RESET) refers to stm32f10x_it.o(i.HardFault_Handler) for HardFault_Handler
[...]
    __rt_memclr_w                            0x080008c7   Thumb Code    78  rt_memclr_w.o(.text)
    _memset_w                                0x080008cb   Thumb Code     0  rt_memclr_w.o(.text)
    strcmp                                   0x08000915   Thumb Code   128  strcmpv7m.o(.text)
    __use_two_region_memory                  0x08000995   Thumb Code     2  heapauxi.o(.text)
    __rt_heap_escrow$2region                 0x08000997   Thumb Code     2  heapauxi.o(.text)
    __rt_heap_expand$2region                 0x08000999   Thumb Code     2  heapauxi.o(.text)
    __I$use$semihosting                      0x0800099b   Thumb Code     0  use_no_semi.o(.text)
    __use_no_semihosting_swi                 0x0800099b   Thumb Code     2  use_no_semi.o(.text)
    __rt_ctype_table                         0x0800099d   Thumb Code    16  rt_ctype_table.o(.text)
    __read_errno                             0x080009ad   Thumb Code    10  _rserrno.o(.text)
    __set_errno                              0x080009b7   Thumb Code    12  _rserrno.o(.text)
    _printf_truncate_signed                  0x080009c3   Thumb Code    18  _printf_truncate.o(.text)
    _printf_truncate_unsigned                0x080009d5   Thumb Code    18  _printf_truncate.o(.text)
    _printf_int_common                       0x080009e7   Thumb Code   178  _printf_intcommon.o(.text)
    _printf_charcount                        0x08000a99   Thumb Code    40  _printf_charcount.o(.text)
    __lib_sel_fp_printf                      0x08000ac1   Thumb Code     2  _printf_fp_dec.o(.text)
    _printf_fp_dec_real                      0x08000c73   Thumb Code   620  _printf_fp_dec.o(.text)
    _printf_char_common                      0x08000eeb   Thumb Code    32  _printf_char_common.o(.text)
    _sputc                                   0x08000f11   Thumb Code    10  _sputc.o(.text)
    _printf_cs_common                        0x08000f1b   Thumb Code    20  _printf_char.o(.text)
    _printf_char                             0x08000f2f   Thumb Code    16  _printf_char.o(.text)
    _printf_string                           0x08000f3f   Thumb Code     8  _printf_char.o(.text)
    _printf_char_file                        0x08000f49   Thumb Code    32  _printf_char_file.o(.text)
    _printf_wctomb                           0x08000f6d   Thumb Code   182  _printf_wctomb.o(.text)
    _printf_longlong_dec                     0x08001029   Thumb Code   108  _printf_longlong_dec.o(.text)
    _printf_longlong_oct                     0x080010a5   Thumb Code    66  _printf_oct_int_ll.o(.text)
    _printf_int_oct                          0x080010e7   Thumb Code    24  _printf_oct_int_ll.o(.text)
    _printf_ll_oct                           0x080010ff   Thumb Code    12  _printf_oct_int_ll.o(.text)
    __rt_locale                              0x08001115   Thumb Code     8  rt_locale_intlibspace.o(.text)
    __aeabi_errno_addr                       0x0800111d   Thumb Code     8  rt_errno_addr_intlibspace.o(.text)
    __errno$intlibspace                      0x0800111d   Thumb Code     0  rt_errno_addr_intlibspace.o(.text)
    __rt_errno_addr$intlibspace              0x0800111d   Thumb Code     0  rt_errno_addr_intlibspace.o(.text)
    _ll_udiv10                               0x08001125   Thumb Code   138  lludiv10.o(.text)
    _printf_fp_hex_real                      0x080011b1   Thumb Code   756  _printf_fp_hex.o(.text)
    _printf_fp_infnan                        0x080014ad   Thumb Code   112  _printf_fp_infnan.o(.text)
    _printf_lcs_common                       0x0800152d   Thumb Code    20  _printf_wchar.o(.text)
    _printf_wchar                            0x08001541   Thumb Code    16  _printf_wchar.o(.text)
    _printf_wstring                          0x08001551   Thumb Code     8  _printf_wchar.o(.text)
    _btod_etento                             0x08001559   Thumb Code   224  bigflt0.o(.text)
    ferror                                   0x0800163d   Thumb Code     8  ferror.o(.text)
    _wcrtomb                                 0x08001645   Thumb Code    64  _wcrtomb.o(.text)
    __user_libspace                          0x08001685   Thumb Code     8  libspace.o(.text)
    __user_perproc_libspace                  0x08001685   Thumb Code     0  libspace.o(.text)
    __user_perthread_libspace                0x08001685   Thumb Code     0  libspace.o(.text)
    __user_setup_stackheap                   0x0800168d   Thumb Code    74  sys_stackheap_outer.o(.text)
    exit                                     0x080016d7   Thumb Code    18  exit.o(.text)
    _btod_d2e                                0x080016e9   Thumb Code    62  btod.o(CL$$btod_d2e)
    _d2e_denorm_low                          0x08001727   Thumb Code    70  btod.o(CL$$btod_d2e_denorm_low)
    _d2e_norm_op1                            0x0800176d   Thumb Code    96  btod.o(CL$$btod_d2e_norm_op1)
    __btod_div_common                        0x080017cd   Thumb Code   696  btod.o(CL$$btod_div_common)
    _e2e                                     0x08001b05   Thumb Code   220  btod.o(CL$$btod_e2e)
    _btod_ediv                               0x08001be1   Thumb Code    42  btod.o(CL$$btod_ediv)
    _btod_emul                               0x08001c0b   Thumb Code    42  btod.o(CL$$btod_emul)
    __btod_mult_common                       0x08001c35   Thumb Code   580  btod.o(CL$$btod_mult_common)
    BEEP_Init                                0x08001e79   Thumb Code    48  beep.o(i.BEEP_Init)
    BEEP_OFF                                 0x08001eb1   Thumb Code    12  beep.o(i.BEEP_OFF)
    BEEP_ON                                  0x08001ec1   Thumb Code    12  beep.o(i.BEEP_ON)
    BKP_DeInit                               0x08001ed1   Thumb Code    16  stm32f10x_bkp.o(i.BKP_DeInit)
    BKP_ReadBackupRegister                   0x08001ee1   Thumb Code    24  stm32f10x_bkp.o(i.BKP_ReadBackupRegister)
    BKP_WriteBackupRegister                  0x08001efd   Thumb Code    22  stm32f10x_bkp.o(i.BKP_WriteBackupRegister)
    BusFault_Handler                         0x08001f19   Thumb Code     4  stm32f10x_it.o(i.BusFault_Handler)
    DebugMon_Handler                         0x08001f1d   Thumb Code     2  stm32f10x_it.o(i.DebugMon_Handler)
    Delay_ms                                 0x08001f1f   Thumb Code    24  delay.o(i.Delay_ms)
    Delay_us                                 0x08001f37   Thumb Code    46  delay.o(i.Delay_us)
    DinoGame                                 0x08001f65   Thumb Code   396  game_ui.o(i.DinoGame)
    EXTI15_10_IRQHandler                     0x08002115   Thumb Code   260  exti.o(i.EXTI15_10_IRQHandler)
    EXTI_ClearITPendingBit                   0x0800222d   Thumb Code     6  stm32f10x_exti.o(i.EXTI_ClearITPendingBit)
    EXTI_GetITStatus                         0x08002239   Thumb Code    34  stm32f10x_exti.o(i.EXTI_GetITStatus)
    EXTI_Init                                0x08002261   Thumb Code   142  stm32f10x_exti.o(i.EXTI_Init)
    Exit_Init                                0x080022f5   Thumb Code   172  exti.o(i.Exit_Init)
    GPIO_EXTILineConfig                      0x080023a5   Thumb Code    60  stm32f10x_gpio.o(i.GPIO_EXTILineConfig)
    GPIO_Init                                0x080023e5   Thumb Code   278  stm32f10x_gpio.o(i.GPIO_Init)
    GPIO_ReadInputDataBit                    0x080024fb   Thumb Code    18  stm32f10x_gpio.o(i.GPIO_ReadInputDataBit)
    GPIO_ResetBits                           0x0800250d   Thumb Code     4  stm32f10x_gpio.o(i.GPIO_ResetBits)
    GPIO_SetBits                             0x08002511   Thumb Code     4  stm32f10x_gpio.o(i.GPIO_SetBits)
    Game_ui                                  0x08002515   Thumb Code   310  game_ui.o(i.Game_ui)
    Get_ALR_Value                            0x0800265d   Thumb Code   154  rtc.o(i.Get_ALR_Value)
    HardFault_Handler                        0x08002709   Thumb Code     4  stm32f10x_it.o(i.HardFault_Handler)
    I2C_Start                                0x0800270d   Thumb Code    48  oled.o(i.I2C_Start)
    I2C_Stop                                 0x08002741   Thumb Code    32  oled.o(i.I2C_Stop)
    I2C_WaitAck                              0x08002765   Thumb Code    40  oled.o(i.I2C_WaitAck)
    IIC_delay                                0x08002791   Thumb Code    16  oled.o(i.IIC_delay)
    Is_Leap_Year                             0x080027a1   Thumb Code    58  rtc.o(i.Is_Leap_Year)
    LED1_ON                                  0x080027dd   Thumb Code    12  led.o(i.LED1_ON)
    LED_Init                                 0x080027ed   Thumb Code    46  led.o(i.LED_Init)
    MemManage_Handler                        0x08002821   Thumb Code     4  stm32f10x_it.o(i.MemManage_Handler)
    NMI_Handler                              0x08002825   Thumb Code     2  stm32f10x_it.o(i.NMI_Handler)
    NVIC_Init                                0x08002829   Thumb Code   100  misc.o(i.NVIC_Init)
    NVIC_PriorityGroupConfig                 0x08002899   Thumb Code    10  misc.o(i.NVIC_PriorityGroupConfig)
    OLED_Clear                               0x080028ad   Thumb Code    42  oled.o(i.OLED_Clear)
    OLED_DrawBMPFast                         0x080028dd   Thumb Code    86  oled.o(i.OLED_DrawBMPFast)
    OLED_DrawCactusRandom                    0x08002935   Thumb Code   282  oled.o(i.OLED_DrawCactusRandom)
    OLED_DrawCloud                           0x08002a65   Thumb Code   190  oled.o(i.OLED_DrawCloud)
    OLED_DrawCover                           0x08002b31   Thumb Code    10  oled.o(i.OLED_DrawCover)
    OLED_DrawDino                            0x08002b41   Thumb Code   124  oled.o(i.OLED_DrawDino)
    OLED_DrawDinoJump                        0x08002bc5   Thumb Code   382  oled.o(i.OLED_DrawDinoJump)
    OLED_DrawGround                          0x08002d61   Thumb Code   100  oled.o(i.OLED_DrawGround)
    OLED_DrawLine                            0x08002dcd   Thumb Code   172  oled.o(i.OLED_DrawLine)
    OLED_DrawPoint                           0x08002e79   Thumb Code   114  oled.o(i.OLED_DrawPoint)
    OLED_Init                                0x08002ef1   Thumb Code   280  oled.o(i.OLED_Init)
    OLED_Pow                                 0x0800300d   Thumb Code    22  oled.o(i.OLED_Pow)
    OLED_Refresh                             0x08003025   Thumb Code   100  oled.o(i.OLED_Refresh)
    OLED_SetPos                              0x0800308d   Thumb Code    42  oled.o(i.OLED_SetPos)
    OLED_ShowChar                            0x080030b9   Thumb Code   300  oled.o(i.OLED_ShowChar)
    OLED_ShowChinese                         0x080031f5   Thumb Code   244  oled.o(i.OLED_ShowChinese)
    OLED_ShowNum                             0x080032f9   Thumb Code   140  oled.o(i.OLED_ShowNum)
    OLED_ShowPicture                         0x08003385   Thumb Code   214  oled.o(i.OLED_ShowPicture)
    OLED_ShowString                          0x0800345b   Thumb Code    74  oled.o(i.OLED_ShowString)
    OLED_WR_Byte                             0x080034a5   Thumb Code    56  oled.o(i.OLED_WR_Byte)
    PWR_BackupAccessCmd                      0x080034dd   Thumb Code     6  stm32f10x_pwr.o(i.PWR_BackupAccessCmd)
    PendSV_Handler                           0x080034e9   Thumb Code     2  stm32f10x_it.o(i.PendSV_Handler)
    RCC_APB1PeriphClockCmd                   0x080034ed   Thumb Code    26  stm32f10x_rcc.o(i.RCC_APB1PeriphClockCmd)
    RCC_APB2PeriphClockCmd                   0x0800350d   Thumb Code    26  stm32f10x_rcc.o(i.RCC_APB2PeriphClockCmd)
    RCC_BackupResetCmd                       0x0800352d   Thumb Code     6  stm32f10x_rcc.o(i.RCC_BackupResetCmd)
    RCC_ClearFlag                            0x08003539   Thumb Code    14  stm32f10x_rcc.o(i.RCC_ClearFlag)
    RCC_GetClocksFreq                        0x0800354d   Thumb Code   192  stm32f10x_rcc.o(i.RCC_GetClocksFreq)
    RCC_GetFlagStatus                        0x08003621   Thumb Code    56  stm32f10x_rcc.o(i.RCC_GetFlagStatus)
    RCC_LSEConfig                            0x0800365d   Thumb Code    46  stm32f10x_rcc.o(i.RCC_LSEConfig)
    RCC_RTCCLKCmd                            0x08003691   Thumb Code     6  stm32f10x_rcc.o(i.RCC_RTCCLKCmd)
    RCC_RTCCLKConfig                         0x0800369d   Thumb Code    12  stm32f10x_rcc.o(i.RCC_RTCCLKConfig)
    RTCAlarm_IRQHandler                      0x080036ad   Thumb Code    46  alarm_clock_ui.o(i.RTCAlarm_IRQHandler)
    RTC_ClearITPendingBit                    0x080036dd   Thumb Code    12  stm32f10x_rtc.o(i.RTC_ClearITPendingBit)
    RTC_Config                               0x080036ed   Thumb Code   132  rtc.o(i.RTC_Config)
    RTC_EnterConfigMode                      0x08003771   Thumb Code    14  stm32f10x_rtc.o(i.RTC_EnterConfigMode)
    RTC_ExitConfigMode                       0x08003785   Thumb Code    16  stm32f10x_rtc.o(i.RTC_ExitConfigMode)
    RTC_First_Config                         0x08003799   Thumb Code    76  rtc.o(i.RTC_First_Config)
    RTC_Get                                  0x080037e5   Thumb Code   246  rtc.o(i.RTC_Get)
    RTC_GetCounter                           0x08003905   Thumb Code    16  stm32f10x_rtc.o(i.RTC_GetCounter)
    RTC_GetITStatus                          0x08003919   Thumb Code    32  stm32f10x_rtc.o(i.RTC_GetITStatus)
    RTC_Get_Week                             0x0800393d   Thumb Code   116  rtc.o(i.RTC_Get_Week)
    RTC_IRQHandler                           0x080039b5   Thumb Code    20  rtc.o(i.RTC_IRQHandler)
    RTC_ITConfig                             0x080039c9   Thumb Code    26  stm32f10x_rtc.o(i.RTC_ITConfig)
    RTC_Set                                  0x080039e9   Thumb Code   180  rtc.o(i.RTC_Set)
    RTC_SetAlarm                             0x08003aad   Thumb Code    24  stm32f10x_rtc.o(i.RTC_SetAlarm)
    RTC_SetCounter                           0x08003ac9   Thumb Code    24  stm32f10x_rtc.o(i.RTC_SetCounter)
    RTC_SetPrescaler                         0x08003ae5   Thumb Code    26  stm32f10x_rtc.o(i.RTC_SetPrescaler)
    RTC_WaitForLastTask                      0x08003b05   Thumb Code    16  stm32f10x_rtc.o(i.RTC_WaitForLastTask)
    RTC_WaitForSynchro                       0x08003b19   Thumb Code    30  stm32f10x_rtc.o(i.RTC_WaitForSynchro)
    SVC_Handler                              0x08003b3d   Thumb Code     2  stm32f10x_it.o(i.SVC_Handler)
    Send_Byte                                0x08003b41   Thumb Code    70  oled.o(i.Send_Byte)
    SysTick_Handler                          0x08003c75   Thumb Code     2  stm32f10x_it.o(i.SysTick_Handler)
    SystemInit                               0x08003c79   Thumb Code    78  system_stm32f10x.o(i.SystemInit)
    TIM2_IRQHandler                          0x08003cd9   Thumb Code    88  stop_watch_ui.o(i.TIM2_IRQHandler)
    TIM3_IRQHandler                          0x08003d35   Thumb Code    42  usart3_tim3_wifi.o(i.TIM3_IRQHandler)
    TIM3_Int_Init                            0x08003d69   Thumb Code    88  usart3_tim3_wifi.o(i.TIM3_Int_Init)
    TIM3_Set                                 0x08003dc5   Thumb Code    34  usart3_tim3_wifi.o(i.TIM3_Set)
    TIM_2_Init                               0x08003ded   Thumb Code    98  tim_2.o(i.TIM_2_Init)
    TIM_ClearFlag                            0x08003e4f   Thumb Code     6  stm32f10x_tim.o(i.TIM_ClearFlag)
    TIM_ClearITPendingBit                    0x08003e55   Thumb Code     6  stm32f10x_tim.o(i.TIM_ClearITPendingBit)
    TIM_Cmd                                  0x08003e5b   Thumb Code    24  stm32f10x_tim.o(i.TIM_Cmd)
    TIM_GetITStatus                          0x08003e73   Thumb Code    34  stm32f10x_tim.o(i.TIM_GetITStatus)
    TIM_ITConfig                             0x08003e95   Thumb Code    18  stm32f10x_tim.o(i.TIM_ITConfig)
    TIM_SetCounter                           0x08003ea7   Thumb Code     4  stm32f10x_tim.o(i.TIM_SetCounter)
    TIM_TimeBaseInit                         0x08003ead   Thumb Code   122  stm32f10x_tim.o(i.TIM_TimeBaseInit)
    USART1_IRQHandler                        0x08003f51   Thumb Code   128  usart1_su30t.o(i.USART1_IRQHandler)
    USART1_SendArray                         0x08003fe5   Thumb Code    26  usart1_su30t.o(i.USART1_SendArray)
    USART1_SendByte                          0x08004001   Thumb Code    28  usart1_su30t.o(i.USART1_SendByte)
    USART1_SendPacket                        0x08004021   Thumb Code    38  usart1_su30t.o(i.USART1_SendPacket)
    USART1_send_time_message                 0x08004049   Thumb Code    54  usart1_su30t.o(i.USART1_send_time_message)
    USART1_send_weather_message              0x08004089   Thumb Code   124  usart1_su30t.o(i.USART1_send_weather_message)
    USART2_IRQHandler                        0x08004175   Thumb Code   152  usart2.o(i.USART2_IRQHandler)
    USART2_init                              0x0800421d   Thumb Code   142  usart2.o(i.USART2_init)
    USART3_IRQHandler                        0x080042b5   Thumb Code   104  usart3_tim3_wifi.o(i.USART3_IRQHandler)
    USART_ClearFlag                          0x0800432d   Thumb Code    18  stm32f10x_usart.o(i.USART_ClearFlag)
    USART_ClearITPendingBit                  0x0800433f   Thumb Code    30  stm32f10x_usart.o(i.USART_ClearITPendingBit)
    USART_Cmd                                0x0800435d   Thumb Code    24  stm32f10x_usart.o(i.USART_Cmd)
    USART_GetFlagStatus                      0x08004375   Thumb Code    26  stm32f10x_usart.o(i.USART_GetFlagStatus)
    USART_GetITStatus                        0x0800438f   Thumb Code    84  stm32f10x_usart.o(i.USART_GetITStatus)
    USART_ITConfig                           0x080043e3   Thumb Code    74  stm32f10x_usart.o(i.USART_ITConfig)
    USART_Init                               0x0800442d   Thumb Code   210  stm32f10x_usart.o(i.USART_Init)
    USART_ReceiveData                        0x08004505   Thumb Code    10  stm32f10x_usart.o(i.USART_ReceiveData)
    USART_SendData                           0x0800450f   Thumb Code     8  stm32f10x_usart.o(i.USART_SendData)
    UsageFault_Handler                       0x08004517   Thumb Code     4  stm32f10x_it.o(i.UsageFault_Handler)
    __ARM_fpclassify                         0x0800451b   Thumb Code    40  fpclassify.o(i.__ARM_fpclassify)
    __kernel_poly                            0x08004543   Thumb Code   170  poly.o(i.__kernel_poly)
    __mathlib_dbl_divzero                    0x080045ed   Thumb Code    12  dunder.o(i.__mathlib_dbl_divzero)
    __mathlib_dbl_infnan2                    0x080045fd   Thumb Code     4  dunder.o(i.__mathlib_dbl_infnan2)
    __mathlib_dbl_invalid                    0x08004601   Thumb Code    12  dunder.o(i.__mathlib_dbl_invalid)
    __mathlib_dbl_overflow                   0x0800460d   Thumb Code    14  dunder.o(i.__mathlib_dbl_overflow)
    __mathlib_dbl_underflow                  0x0800461d   Thumb Code    10  dunder.o(i.__mathlib_dbl_underflow)
    _is_digit                                0x0800462d   Thumb Code    14  __printf_wp.o(i._is_digit)
    _sys_exit                                0x0800463b   Thumb Code     4  usart3_tim3_wifi.o(i._sys_exit)
    acquire_time_message                     0x0800463f   Thumb Code    28  wifi.o(i.acquire_time_message)
    acquire_weather_message                  0x0800465d   Thumb Code    48  wifi.o(i.acquire_weather_message)
    alarm_clock_open_or_close                0x08004691   Thumb Code   758  alarm_clock_ui.o(i.alarm_clock_open_or_close)
    alarm_clock_state                        0x080049b1   Thumb Code   410  alarm_clock_ui.o(i.alarm_clock_state)
    alarm_clock_ui                           0x08004b71   Thumb Code   470  alarm_clock_ui.o(i.alarm_clock_ui)
    atk_8266_quit_trans                      0x08004d5d   Thumb Code    94  wifi.o(i.atk_8266_quit_trans)
    cJSON_Delete                             0x08004dcd   Thumb Code    82  cjson.o(i.cJSON_Delete)
    cJSON_GetArrayItem                       0x08004e25   Thumb Code    18  cjson.o(i.cJSON_GetArrayItem)
    cJSON_GetArraySize                       0x08004e37   Thumb Code    18  cjson.o(i.cJSON_GetArraySize)
    cJSON_GetErrorPtr                        0x08004e49   Thumb Code     6  cjson.o(i.cJSON_GetErrorPtr)
    cJSON_GetObjectItem                      0x08004e55   Thumb Code    30  cjson.o(i.cJSON_GetObjectItem)
    cJSON_Parse                              0x08004e95   Thumb Code    16  cjson.o(i.cJSON_Parse)
    cJSON_ParseWithOpts                      0x08004ea5   Thumb Code    96  cjson.o(i.cJSON_ParseWithOpts)
    cJSON_WeatherParse                       0x08004f09   Thumb Code   290  wifi.o(i.cJSON_WeatherParse)
    cJSON_time                               0x0800512d   Thumb Code   114  wifi.o(i.cJSON_time)
    confirm_set_time                         0x08005211   Thumb Code   372  set_time_ui.o(i.confirm_set_time)
    delay_us                                 0x080053a1   Thumb Code    30  exti.o(i.delay_us)
    esp8266_check_cmd                        0x080053c1   Thumb Code    44  wifi.o(i.esp8266_check_cmd)
    esp8266_send_cmd                         0x080053f5   Thumb Code    92  wifi.o(i.esp8266_send_cmd)
    esp8266_start_trans                      0x08005469   Thumb Code   186  wifi.o(i.esp8266_start_trans)
    explain_ui                               0x080055d5   Thumb Code   316  explain_ui.o(i.explain_ui)
    fputc                                    0x08005725   Thumb Code    24  usart3_tim3_wifi.o(i.fputc)
    get_current_time                         0x08005741   Thumb Code   220  wifi.o(i.get_current_time)
    get_current_weather                      0x080058dd   Thumb Code   228  wifi.o(i.get_current_weather)
    main                                     0x08005a89   Thumb Code   292  main.o(i.main)
    menu                                     0x08005be1   Thumb Code   602  menu.o(i.menu)
    my_free                                  0x08005e69   Thumb Code    26  malloc.o(i.my_free)
    my_malloc                                0x08005e89   Thumb Code    30  malloc.o(i.my_malloc)
    my_mem_free                              0x08005ead   Thumb Code    96  malloc.o(i.my_mem_free)
    my_mem_init                              0x08005f19   Thumb Code    54  malloc.o(i.my_mem_init)
    my_mem_malloc                            0x08005f5d   Thumb Code   156  malloc.o(i.my_mem_malloc)
    my_mem_perused                           0x08006005   Thumb Code    54  malloc.o(i.my_mem_perused)
    myfree                                   0x08006045   Thumb Code    30  malloc.o(i.myfree)
    mymalloc                                 0x08006069   Thumb Code    34  malloc.o(i.mymalloc)
    mymemset                                 0x08006091   Thumb Code    20  malloc.o(i.mymemset)
    oled_drawbmp_block_clear                 0x080060a5   Thumb Code    80  oled.o(i.oled_drawbmp_block_clear)
    pow                                      0x0800680d   Thumb Code  2512  pow.o(i.pow)
    second_show                              0x080071e5   Thumb Code   106  stop_watch_ui.o(i.second_show)
    set_alarm_clock                          0x08007255   Thumb Code  1400  alarm_clock_ui.o(i.set_alarm_clock)
    set_network_time                         0x080077d9   Thumb Code    40  main.o(i.set_network_time)
    set_time                                 0x08007805   Thumb Code  1892  set_time_ui.o(i.set_time)
    set_ui                                   0x08007f89   Thumb Code   296  set_time_ui.o(i.set_ui)
    simple_atoi                              0x080080c9   Thumb Code   120  main.o(i.simple_atoi)
    sqrt                                     0x08008157   Thumb Code    76  sqrt.o(i.sqrt)
    stop_watch                               0x080081a5   Thumb Code   202  stop_watch_ui.o(i.stop_watch)
    time_set_show                            0x0800828d   Thumb Code   230  set_time_ui.o(i.time_set_show)
    time_show                                0x0800838d   Thumb Code   518  main.o(i.time_show)
    u2_printf                                0x080085c1   Thumb Code    72  usart2.o(i.u2_printf)
    usart1_init                              0x08008611   Thumb Code   150  usart1_su30t.o(i.usart1_init)
    usart3_init                              0x080086b1   Thumb Code   180  usart3_tim3_wifi.o(i.usart3_init)
    weather_data_show                        0x08008771   Thumb Code    28  weather_ui.o(i.weather_data_show)
    weather_hz                               0x08008791   Thumb Code   294  weather_ui.o(i.weather_hz)
    weather_show                             0x0800893d   Thumb Code   214  main.o(i.weather_show)
    weather_ui                               0x08008a85   Thumb Code   246  weather_ui.o(i.weather_ui)
    _get_lc_ctype                            0x08008b91   Thumb Code    44  lc_ctype_c.o(locale$$code)
    _get_lc_numeric                          0x08008bbd   Thumb Code    44  lc_numeric_c.o(locale$$code)
    __aeabi_dadd                             0x08008be9   Thumb Code     0  daddsub_clz.o(x$fpl$dadd)
    _dadd                                    0x08008be9   Thumb Code   332  daddsub_clz.o(x$fpl$dadd)
    __fpl_dcheck_NaN1                        0x08008d39   Thumb Code    10  dcheck1.o(x$fpl$dcheck1)
    __fpl_dcmp_Inf                           0x08008d49   Thumb Code    24  dcmpi.o(x$fpl$dcmpinf)
    __aeabi_ddiv                             0x08008d61   Thumb Code     0  ddiv.o(x$fpl$ddiv)
    _ddiv                                    0x08008d61   Thumb Code   552  ddiv.o(x$fpl$ddiv)
    __aeabi_d2iz                             0x08009011   Thumb Code     0  dfix.o(x$fpl$dfix)
    _dfix                                    0x08009011   Thumb Code    94  dfix.o(x$fpl$dfix)
    __aeabi_i2d                              0x0800906f   Thumb Code     0  dflt_clz.o(x$fpl$dflt)
    _dflt                                    0x0800906f   Thumb Code    46  dflt_clz.o(x$fpl$dflt)
    __aeabi_cdcmple                          0x0800909d   Thumb Code     0  dleqf.o(x$fpl$dleqf)
    _dcmple                                  0x0800909d   Thumb Code   120  dleqf.o(x$fpl$dleqf)
    __fpl_dcmple_InfNaN                      0x080090ff   Thumb Code     0  dleqf.o(x$fpl$dleqf)
    __aeabi_dmul                             0x08009115   Thumb Code     0  dmul.o(x$fpl$dmul)
    _dmul                                    0x08009115   Thumb Code   332  dmul.o(x$fpl$dmul)
    __fpl_dnaninf                            0x08009269   Thumb Code   156  dnaninf.o(x$fpl$dnaninf)
    __fpl_dretinf                            0x08009305   Thumb Code    12  dretinf.o(x$fpl$dretinf)
    __aeabi_cdrcmple                         0x08009311   Thumb Code     0  drleqf.o(x$fpl$drleqf)
    _drcmple                                 0x08009311   Thumb Code   108  drleqf.o(x$fpl$drleqf)
    __aeabi_drsub                            0x0800937d   Thumb Code     0  daddsub_clz.o(x$fpl$drsb)
    _drsb                                    0x0800937d   Thumb Code    22  daddsub_clz.o(x$fpl$drsb)
    _dsqrt                                   0x08009395   Thumb Code   456  dsqrt_noumaal.o(x$fpl$dsqrt)
    __aeabi_dsub                             0x08009561   Thumb Code     0  daddsub_clz.o(x$fpl$dsub)
    _dsub                                    0x08009561   Thumb Code   464  daddsub_clz.o(x$fpl$dsub)
    _printf_fp_dec                           0x08009735   Thumb Code     4  printf1.o(x$fpl$printf1)
    _printf_fp_hex                           0x08009739   Thumb Code     4  printf2.o(x$fpl$printf2)
    __fpl_return_NaN                         0x0800973d   Thumb Code   100  retnan.o(x$fpl$retnan)
    __ARM_scalbn                             0x080097a1   Thumb Code    92  scalbn.o(x$fpl$scalbn)
    __fpl_cmpreturn                          0x080097fd   Thumb Code    48  trapv.o(x$fpl$trapveneer)
    __I$use$fp                               0x0800982c   Number         0  usenofp.o(x$fpl$usenofp)
    table_week                               0x0800982c   Data          12  rtc.o(.constdata)
    mon_table                                0x08009838   Data          12  rtc.o(.constdata)
    asc2_0806                                0x08009844   Data         552  oled.o(.constdata)
    asc2_1206                                0x08009a6c   Data        1140  oled.o(.constdata)
    asc2_1608                                0x08009ee0   Data        1520  oled.o(.constdata)
    asc2_2412                                0x0800a4d0   Data        3420  oled.o(.constdata)
    Hzk1                                     0x0800b22c   Data        2336  oled.o(.constdata)
    Hzk2                                     0x0800bb4c   Data          72  oled.o(.constdata)
    Hzk3                                     0x0800bb94   Data         128  oled.o(.constdata)
    Hzk4                                     0x0800bc14   Data         512  oled.o(.constdata)
    GROUND                                   0x0800be14   Data         597  oled.o(.constdata)
    CLOUD                                    0x0800c069   Data          24  oled.o(.constdata)
    DINO                                     0x0800c081   Data          64  oled.o(.constdata)
    DINO_JUMP                                0x0800c0c1   Data         384  oled.o(.constdata)
    CACTUS_1                                 0x0800c241   Data          16  oled.o(.constdata)
    CACTUS_2                                 0x0800c251   Data          32  oled.o(.constdata)
    CACTUS_3                                 0x0800c271   Data          48  oled.o(.constdata)
    CACTUS_4                                 0x0800c2a1   Data          48  oled.o(.constdata)
    RESTART                                  0x0800c2d1   Data          72  oled.o(.constdata)
    COVER                                    0x0800c319   Data        1024  oled.o(.constdata)
    memtblsize                               0x0800c720   Data           8  malloc.o(.constdata)
    memblksize                               0x0800c728   Data           8  malloc.o(.constdata)
    memsize                                  0x0800c730   Data           8  malloc.o(.constdata)
    __mathlib_zero                           0x0800c808   Data           8  qnan.o(.constdata)
    Region$$Table$$Base                      0x0800ca60   Number         0  anon$$obj.o(Region$$Table)
    Region$$Table$$Limit                     0x0800ca80   Number         0  anon$$obj.o(Region$$Table)
    __ctype                                  0x0800ca8d   Data           0  lc_ctype_c.o(locale$$data)
    ryear                                    0x20000000   Data           2  rtc.o(.data)
    rmon                                     0x20000002   Data           1  rtc.o(.data)
    rday                                     0x20000003   Data           1  rtc.o(.data)
    rhour                                    0x20000004   Data           1  rtc.o(.data)
    rmin                                     0x20000005   Data           1  rtc.o(.data)
    rsec                                     0x20000006   Data           1  rtc.o(.data)
    rweek                                    0x20000007   Data           1  rtc.o(.data)
    exti_0                                   0x2000000a   Data           1  exti.o(.data)
    exti_1                                   0x2000000b   Data           1  exti.o(.data)
    exti_2                                   0x2000000c   Data           1  exti.o(.data)
    exti_3                                   0x2000000d   Data           1  exti.o(.data)
    exti_back                                0x2000000e   Data           1  exti.o(.data)
    __stdout                                 0x20000010   Data           4  usart3_tim3_wifi.o(.data)
    USART_RX_STA                             0x20000014   Data           2  usart3_tim3_wifi.o(.data)
    USART1_RxPacket                          0x20000016   Data           2  usart1_su30t.o(.data)
    USART1_RverFlag                          0x20000018   Data           1  usart1_su30t.o(.data)
    yin_TxPacket                             0x20000019   Data           1  usart1_su30t.o(.data)
    qing_TxPacket                            0x2000001a   Data           1  usart1_su30t.o(.data)
    yu_TxPacket                              0x2000001b   Data           1  usart1_su30t.o(.data)
    duoyun_TxPacket                          0x2000001c   Data           1  usart1_su30t.o(.data)
    USART2_RX_STA                            0x20000020   Data           2  usart2.o(.data)
    len2                                     0x20000022   Data           2  usart2.o(.data)
    WIFI_connect_succeed                     0x20000024   Data           1  wifi.o(.data)
    wifista_ssid                             0x20000028   Data           4  wifi.o(.data)
    wifista_password                         0x2000002c   Data           4  wifi.o(.data)
    p                                        0x20000030   Data           4  wifi.o(.data)
    alarm_TI_flag                            0x20000051   Data           1  alarm_clock_ui.o(.data)
    alarm_clock_start                        0x20000052   Data           1  alarm_clock_ui.o(.data)
    alarm_menu                               0x20000053   Data           1  alarm_clock_ui.o(.data)
    open_or_close                            0x20000054   Data           1  alarm_clock_ui.o(.data)
    s                                        0x20000056   Data           1  set_time_ui.o(.data)
    m                                        0x20000057   Data           1  set_time_ui.o(.data)
    set_year                                 0x20000058   Data           2  set_time_ui.o(.data)
    set_mon                                  0x2000005a   Data           1  set_time_ui.o(.data)
    set_day                                  0x2000005b   Data           1  set_time_ui.o(.data)
    set_hour                                 0x2000005c   Data           1  set_time_ui.o(.data)
    set_min                                  0x2000005d   Data           1  set_time_ui.o(.data)
    set_sec                                  0x2000005e   Data           1  set_time_ui.o(.data)
    second                                   0x2000005f   Data           3  stop_watch_ui.o(.data)
    p1                                       0x20000062   Data         190  weather_ui.o(.data)
    p2                                       0x20000120   Data         190  weather_ui.o(.data)
    p3                                       0x200001de   Data         190  weather_ui.o(.data)
    p4                                       0x2000029c   Data         190  weather_ui.o(.data)
    BMP3                                     0x2000035a   Data         264  menu.o(.data)
    BMP4                                     0x20000462   Data         264  menu.o(.data)
    BMP5                                     0x2000056a   Data         264  menu.o(.data)
    BMP6                                     0x20000672   Data         264  menu.o(.data)
    BMP7                                     0x2000077a   Data         264  menu.o(.data)
    BMP8                                     0x20000882   Data         264  menu.o(.data)
    mallco_dev                               0x200009ac   Data          28  malloc.o(.data)
    USART_RX_BUF                             0x200009c8   Data         500  usart3_tim3_wifi.o(.bss)
    USART2_RX_BUF                            0x20000bbc   Data         200  usart2.o(.bss)
    USART2_TX_BUF                            0x20000c84   Data         200  usart2.o(.bss)
    results                                  0x20000d4c   Data         384  wifi.o(.bss)
    timestamp                                0x20000ecc   Data          12  wifi.o(.bss)
    OLED_GRAM                                0x20000ed8   Data        1152  oled.o(.bss)
    time                                     0x20001358   Data          24  alarm_clock_ui.o(.bss)
    time1                                    0x20001370   Data          24  set_time_ui.o(.bss)
    mem1base                                 0x200013a0   Data        8192  malloc.o(.bss)
    mem1mapbase                              0x200033a0   Data         512  malloc.o(.bss)
    _random_number_data                      0x200035a0   Data         228  rand.o(.bss)
    __libspace_start                         0x20003684   Data          96  libspace.o(.bss)
    __temporary_stack_top$libspace           0x200036e4   Data           0  libspace.o(.bss)
    mem2base                                 0x68000000   Data       983040  malloc.o(.ARM.__AT_0x68000000)
    mem2mapbase                              0x680f0000   Data       61440  malloc.o(.ARM.__AT_0x680F0000)



==============================================================================

Memory Map of the image

  Image Entry point : 0x080000ed

  Load Region LR_IROM1 (Base: 0x08000000, Size: 0x0000d574, Max: 0x00010000, ABSOLUTE, COMPRESSED[0x0000cf70])

    Execution Region ER_IROM1 (Exec base: 0x08000000, Load base: 0x08000000, Size: 0x0000cbac, Max: 0x00010000, ABSOLUTE)

    Exec Addr    Load Addr    Size         Type   Attr      Idx    E Section Name        Object

    0x08000000   0x08000000   0x000000ec   Data   RO          348    RESET               startup_stm32f10x_md.o
    0x080000ec   0x080000ec   0x00000008   Code   RO         4814  * !!!main             c_w.l(__main.o)
    0x080000f4   0x080000f4   0x00000034   Code   RO         5178    !!!scatter          c_w.l(__scatter.o)
    0x08000128   0x08000128   0x0000005a   Code   RO         5176    !!dczerorl2         c_w.l(__dczerorl2.o)
    0x08000182   0x08000182   0x00000002   PAD
    0x08000184   0x08000184   0x0000001c   Code   RO         5180    !!handler_zi        c_w.l(__scatter_zi.o)
    0x080001a0   0x080001a0   0x00000000   Code   RO         4788    .ARM.Collect$$_printf_percent$$00000000  c_w.l(_printf_percent.o)
    0x080001a0   0x080001a0   0x00000006   Code   RO         4893    .ARM.Collect$$_printf_percent$$00000001  c_w.l(_printf_n.o)
    0x080001a6   0x080001a6   0x00000006   Code   RO         4894    .ARM.Collect$$_printf_percent$$00000002  c_w.l(_printf_p.o)
    0x080001ac   0x080001ac   0x00000006   Code   RO         4786    .ARM.Collect$$_printf_percent$$00000003  c_w.l(_printf_f.o)
    0x080001b2   0x080001b2   0x00000006   Code   RO         4787    .ARM.Collect$$_printf_percent$$00000004  c_w.l(_printf_e.o)
    0x080001b8   0x080001b8   0x00000006   Code   RO         4898    .ARM.Collect$$_printf_percent$$00000005  c_w.l(_printf_g.o)
    0x080001be   0x080001be   0x00000006   Code   RO         4899    .ARM.Collect$$_printf_percent$$00000006  c_w.l(_printf_a.o)
    0x080001c4   0x080001c4   0x0000000a   Code   RO         4904    .ARM.Collect$$_printf_percent$$00000007  c_w.l(_printf_ll.o)
    0x080001ce   0x080001ce   0x00000006   Code   RO         4896    .ARM.Collect$$_printf_percent$$00000008  c_w.l(_printf_i.o)
    0x080001d4   0x080001d4   0x00000006   Code   RO         4785    .ARM.Collect$$_printf_percent$$00000009  c_w.l(_printf_d.o)
    0x080001da   0x080001da   0x00000006   Code   RO         4897    .ARM.Collect$$_printf_percent$$0000000A  c_w.l(_printf_u.o)
    0x080001e0   0x080001e0   0x00000006   Code   RO         4895    .ARM.Collect$$_printf_percent$$0000000B  c_w.l(_printf_o.o)
    0x080001e6   0x080001e6   0x00000006   Code   RO         4784    .ARM.Collect$$_printf_percent$$0000000C  c_w.l(_printf_x.o)
    0x080001ec   0x080001ec   0x00000006   Code   RO         4901    .ARM.Collect$$_printf_percent$$0000000D  c_w.l(_printf_lli.o)
    0x080001f2   0x080001f2   0x00000006   Code   RO         4902    .ARM.Collect$$_printf_percent$$0000000E  c_w.l(_printf_lld.o)
    0x080001f8   0x080001f8   0x00000006   Code   RO         4903    .ARM.Collect$$_printf_percent$$0000000F  c_w.l(_printf_llu.o)
    0x080001fe   0x080001fe   0x00000006   Code   RO         4908    .ARM.Collect$$_printf_percent$$00000010  c_w.l(_printf_llo.o)
    0x08000204   0x08000204   0x00000006   Code   RO         4909    .ARM.Collect$$_printf_percent$$00000011  c_w.l(_printf_llx.o)
    0x0800020a   0x0800020a   0x0000000a   Code   RO         4905    .ARM.Collect$$_printf_percent$$00000012  c_w.l(_printf_l.o)
    0x08000214   0x08000214   0x00000006   Code   RO         4892    .ARM.Collect$$_printf_percent$$00000013  c_w.l(_printf_c.o)
    0x0800021a   0x0800021a   0x00000006   Code   RO         4783    .ARM.Collect$$_printf_percent$$00000014  c_w.l(_printf_s.o)
    0x08000220   0x08000220   0x00000006   Code   RO         4906    .ARM.Collect$$_printf_percent$$00000015  c_w.l(_printf_lc.o)
    0x08000226   0x08000226   0x00000006   Code   RO         4907    .ARM.Collect$$_printf_percent$$00000016  c_w.l(_printf_ls.o)
    0x0800022c   0x0800022c   0x00000004   Code   RO         4900    .ARM.Collect$$_printf_percent$$00000017  c_w.l(_printf_percent_end.o)
    0x08000230   0x08000230   0x00000002   Code   RO         5102    .ARM.Collect$$libinit$$00000000  c_w.l(libinit.o)
    0x08000232   0x08000232   0x00000000   Code   RO         4911    .ARM.Collect$$libinit$$00000002  c_w.l(libinit2.o)
    0x08000232   0x08000232   0x00000000   Code   RO         4913    .ARM.Collect$$libinit$$00000004  c_w.l(libinit2.o)
    0x08000232   0x08000232   0x00000000   Code   RO         4916    .ARM.Collect$$libinit$$0000000A  c_w.l(libinit2.o)
    0x08000232   0x08000232   0x00000000   Code   RO         4918    .ARM.Collect$$libinit$$0000000C  c_w.l(libinit2.o)
    0x08000232   0x08000232   0x00000004   Code   RO         4919    .ARM.Collect$$libinit$$0000000D  c_w.l(libinit2.o)
    0x08000236   0x08000236   0x00000000   Code   RO         4920    .ARM.Collect$$libinit$$0000000E  c_w.l(libinit2.o)
    0x08000236   0x08000236   0x00000006   Code   RO         4921    .ARM.Collect$$libinit$$0000000F  c_w.l(libinit2.o)
    0x0800023c   0x0800023c   0x00000000   Code   RO         4923    .ARM.Collect$$libinit$$00000011  c_w.l(libinit2.o)
    0x0800023c   0x0800023c   0x0000000c   Code   RO         4924    .ARM.Collect$$libinit$$00000012  c_w.l(libinit2.o)
    0x08000248   0x08000248   0x00000000   Code   RO         4925    .ARM.Collect$$libinit$$00000013  c_w.l(libinit2.o)
    0x08000248   0x08000248   0x00000000   Code   RO         4927    .ARM.Collect$$libinit$$00000015  c_w.l(libinit2.o)
    0x08000248   0x08000248   0x0000000a   Code   RO         4928    .ARM.Collect$$libinit$$00000016  c_w.l(libinit2.o)
    0x08000252   0x08000252   0x00000000   Code   RO         4929    .ARM.Collect$$libinit$$00000017  c_w.l(libinit2.o)
    0x08000252   0x08000252   0x00000000   Code   RO         4931    .ARM.Collect$$libinit$$00000019  c_w.l(libinit2.o)
    0x08000252   0x08000252   0x00000000   Code   RO         4933    .ARM.Collect$$libinit$$0000001B  c_w.l(libinit2.o)
    0x08000252   0x08000252   0x00000000   Code   RO         4935    .ARM.Collect$$libinit$$0000001D  c_w.l(libinit2.o)
    0x08000252   0x08000252   0x00000000   Code   RO         4937    .ARM.Collect$$libinit$$0000001F  c_w.l(libinit2.o)
    0x08000252   0x08000252   0x00000000   Code   RO         4939    .ARM.Collect$$libinit$$00000021  c_w.l(libinit2.o)
    0x08000252   0x08000252   0x00000000   Code   RO         4941    .ARM.Collect$$libinit$$00000023  c_w.l(libinit2.o)
    0x08000252   0x08000252   0x00000000   Code   RO         4943    .ARM.Collect$$libinit$$00000025  c_w.l(libinit2.o)
    0x08000252   0x08000252   0x00000000   Code   RO         4947    .ARM.Collect$$libinit$$0000002C  c_w.l(libinit2.o)
    0x08000252   0x08000252   0x00000000   Code   RO         4949    .ARM.Collect$$libinit$$0000002E  c_w.l(libinit2.o)
    0x08000252   0x08000252   0x00000000   Code   RO         4951    .ARM.Collect$$libinit$$00000030  c_w.l(libinit2.o)
    0x08000252   0x08000252   0x00000000   Code   RO         4953    .ARM.Collect$$libinit$$00000032  c_w.l(libinit2.o)
    0x08000252   0x08000252   0x00000002   Code   RO         4954    .ARM.Collect$$libinit$$00000033  c_w.l(libinit2.o)
    0x08000254   0x08000254   0x00000002   Code   RO         5137    .ARM.Collect$$libshutdown$$00000000  c_w.l(libshutdown.o)
    0x08000256   0x08000256   0x00000000   Code   RO         5143    .ARM.Collect$$libshutdown$$00000002  c_w.l(libshutdown2.o)
    0x08000256   0x08000256   0x00000000   Code   RO         5145    .ARM.Collect$$libshutdown$$00000004  c_w.l(libshutdown2.o)
    0x08000256   0x08000256   0x00000000   Code   RO         5148    .ARM.Collect$$libshutdown$$00000007  c_w.l(libshutdown2.o)
    0x08000256   0x08000256   0x00000000   Code   RO         5151    .ARM.Collect$$libshutdown$$0000000A  c_w.l(libshutdown2.o)
    0x08000256   0x08000256   0x00000000   Code   RO         5153    .ARM.Collect$$libshutdown$$0000000C  c_w.l(libshutdown2.o)
    0x08000256   0x08000256   0x00000000   Code   RO         5156    .ARM.Collect$$libshutdown$$0000000F  c_w.l(libshutdown2.o)
    0x08000256   0x08000256   0x00000002   Code   RO         5157    .ARM.Collect$$libshutdown$$00000010  c_w.l(libshutdown2.o)
    0x08000258   0x08000258   0x00000000   Code   RO         4860    .ARM.Collect$$rtentry$$00000000  c_w.l(__rtentry.o)
    0x08000258   0x08000258   0x00000000   Code   RO         5004    .ARM.Collect$$rtentry$$00000002  c_w.l(__rtentry2.o)
    0x08000258   0x08000258   0x00000006   Code   RO         5016    .ARM.Collect$$rtentry$$00000004  c_w.l(__rtentry4.o)
    0x0800025e   0x0800025e   0x00000000   Code   RO         5006    .ARM.Collect$$rtentry$$00000009  c_w.l(__rtentry2.o)
    0x0800025e   0x0800025e   0x00000004   Code   RO         5007    .ARM.Collect$$rtentry$$0000000A  c_w.l(__rtentry2.o)
    0x08000262   0x08000262   0x00000000   Code   RO         5009    .ARM.Collect$$rtentry$$0000000C  c_w.l(__rtentry2.o)
    0x08000262   0x08000262   0x00000008   Code   RO         5010    .ARM.Collect$$rtentry$$0000000D  c_w.l(__rtentry2.o)
    0x0800026a   0x0800026a   0x00000002   Code   RO         5107    .ARM.Collect$$rtexit$$00000000  c_w.l(rtexit.o)
    0x0800026c   0x0800026c   0x00000000   Code   RO         5119    .ARM.Collect$$rtexit$$00000002  c_w.l(rtexit2.o)
    0x0800026c   0x0800026c   0x00000004   Code   RO         5120    .ARM.Collect$$rtexit$$00000003  c_w.l(rtexit2.o)
    0x08000270   0x08000270   0x00000006   Code   RO         5121    .ARM.Collect$$rtexit$$00000004  c_w.l(rtexit2.o)
    0x08000276   0x08000276   0x00000002   PAD
    0x08000278   0x08000278   0x00000034   Code   RO         4789    .emb_text           c_w.l(rand.o)
    0x080002ac   0x080002ac   0x00000040   Code   RO          349    .text               startup_stm32f10x_md.o
    0x080002ec   0x080002ec   0x00000002   Code   RO         4720    .text               c_w.l(use_no_semi_2.o)
    0x080002ee   0x080002ee   0x0000001a   Code   RO         4722    .text               c_w.l(tolower.o)
    0x08000308   0x08000308   0x00000024   Code   RO         4724    .text               c_w.l(vsprintf.o)
    0x0800032c   0x0800032c   0x00000018   Code   RO         4726    .text               c_w.l(__2printf.o)
    0x08000344   0x08000344   0x0000002c   Code   RO         4728    .text               c_w.l(__2sprintf.o)
    0x08000370   0x08000370   0x0000004e   Code   RO         4736    .text               c_w.l(_printf_pad.o)
    0x080003be   0x080003be   0x00000052   Code   RO         4738    .text               c_w.l(_printf_str.o)
    0x08000410   0x08000410   0x00000078   Code   RO         4740    .text               c_w.l(_printf_dec.o)
    0x08000488   0x08000488   0x00000094   Code   RO         4760    .text               c_w.l(_printf_hex_int_ll_ptr.o)
    0x0800051c   0x0800051c   0x00000188   Code   RO         4780    .text               c_w.l(__printf_flags_ss_wp.o)
    0x080006a4   0x080006a4   0x0000003c   Code   RO         4790    .text               c_w.l(rand.o)
    0x080006e0   0x080006e0   0x00000024   Code   RO         4796    .text               c_w.l(strstr.o)
    0x08000704   0x08000704   0x0000003e   Code   RO         4800    .text               c_w.l(strlen.o)
    0x08000742   0x08000742   0x00000096   Code   RO         4802    .text               c_w.l(strncmp.o)
    0x080007d8   0x080007d8   0x0000008a   Code   RO         4804    .text               c_w.l(rt_memcpy_v6.o)
    0x08000862   0x08000862   0x00000064   Code   RO         4806    .text               c_w.l(rt_memcpy_w.o)
    0x080008c6   0x080008c6   0x0000004e   Code   RO         4808    .text               c_w.l(rt_memclr_w.o)
    0x08000914   0x08000914   0x00000080   Code   RO         4810    .text               c_w.l(strcmpv7m.o)
    0x08000994   0x08000994   0x00000006   Code   RO         4812    .text               c_w.l(heapauxi.o)
    0x0800099a   0x0800099a   0x00000002   Code   RO         4858    .text               c_w.l(use_no_semi.o)
    0x0800099c   0x0800099c   0x00000010   Code   RO         4861    .text               c_w.l(rt_ctype_table.o)
    0x080009ac   0x080009ac   0x00000016   Code   RO         4863    .text               c_w.l(_rserrno.o)
    0x080009c2   0x080009c2   0x00000024   Code   RO         4865    .text               c_w.l(_printf_truncate.o)
    0x080009e6   0x080009e6   0x000000b2   Code   RO         4867    .text               c_w.l(_printf_intcommon.o)
    0x08000a98   0x08000a98   0x00000028   Code   RO         4869    .text               c_w.l(_printf_charcount.o)
    0x08000ac0   0x08000ac0   0x0000041e   Code   RO         4871    .text               c_w.l(_printf_fp_dec.o)
    0x08000ede   0x08000ede   0x00000002   PAD
    0x08000ee0   0x08000ee0   0x00000030   Code   RO         4873    .text               c_w.l(_printf_char_common.o)
    0x08000f10   0x08000f10   0x0000000a   Code   RO         4875    .text               c_w.l(_sputc.o)
    0x08000f1a   0x08000f1a   0x0000002c   Code   RO         4877    .text               c_w.l(_printf_char.o)
    0x08000f46   0x08000f46   0x00000002   PAD
    0x08000f48   0x08000f48   0x00000024   Code   RO         4879    .text               c_w.l(_printf_char_file.o)
    0x08000f6c   0x08000f6c   0x000000bc   Code   RO         4881    .text               c_w.l(_printf_wctomb.o)
    0x08001028   0x08001028   0x0000007c   Code   RO         4884    .text               c_w.l(_printf_longlong_dec.o)
    0x080010a4   0x080010a4   0x00000070   Code   RO         4890    .text               c_w.l(_printf_oct_int_ll.o)
    0x08001114   0x08001114   0x00000008   Code   RO         5021    .text               c_w.l(rt_locale_intlibspace.o)
    0x0800111c   0x0800111c   0x00000008   Code   RO         5026    .text               c_w.l(rt_errno_addr_intlibspace.o)
    0x08001124   0x08001124   0x0000008a   Code   RO         5028    .text               c_w.l(lludiv10.o)
    0x080011ae   0x080011ae   0x00000002   PAD
    0x080011b0   0x080011b0   0x000002fc   Code   RO         5030    .text               c_w.l(_printf_fp_hex.o)
    0x080014ac   0x080014ac   0x00000080   Code   RO         5033    .text               c_w.l(_printf_fp_infnan.o)
    0x0800152c   0x0800152c   0x0000002c   Code   RO         5037    .text               c_w.l(_printf_wchar.o)
    0x08001558   0x08001558   0x000000e4   Code   RO         5039    .text               c_w.l(bigflt0.o)
    0x0800163c   0x0800163c   0x00000008   Code   RO         5064    .text               c_w.l(ferror.o)
    0x08001644   0x08001644   0x00000040   Code   RO         5068    .text               c_w.l(_wcrtomb.o)
    0x08001684   0x08001684   0x00000008   Code   RO         5086    .text               c_w.l(libspace.o)
    0x0800168c   0x0800168c   0x0000004a   Code   RO         5089    .text               c_w.l(sys_stackheap_outer.o)
    0x080016d6   0x080016d6   0x00000012   Code   RO         5091    .text               c_w.l(exit.o)
    0x080016e8   0x080016e8   0x0000003e   Code   RO         5042    CL$$btod_d2e        c_w.l(btod.o)
    0x08001726   0x08001726   0x00000046   Code   RO         5044    CL$$btod_d2e_denorm_low  c_w.l(btod.o)
    0x0800176c   0x0800176c   0x00000060   Code   RO         5043    CL$$btod_d2e_norm_op1  c_w.l(btod.o)
    0x080017cc   0x080017cc   0x00000338   Code   RO         5052    CL$$btod_div_common  c_w.l(btod.o)
    0x08001b04   0x08001b04   0x000000dc   Code   RO         5049    CL$$btod_e2e        c_w.l(btod.o)
    0x08001be0   0x08001be0   0x0000002a   Code   RO         5046    CL$$btod_ediv       c_w.l(btod.o)
    0x08001c0a   0x08001c0a   0x0000002a   Code   RO         5045    CL$$btod_emul       c_w.l(btod.o)
    0x08001c34   0x08001c34   0x00000244   Code   RO         5051    CL$$btod_mult_common  c_w.l(btod.o)
    0x08001e78   0x08001e78   0x00000038   Code   RO         1043    i.BEEP_Init         beep.o
    0x08001eb0   0x08001eb0   0x00000010   Code   RO         1044    i.BEEP_OFF          beep.o
    0x08001ec0   0x08001ec0   0x00000010   Code   RO         1045    i.BEEP_ON           beep.o
    0x08001ed0   0x08001ed0   0x00000010   Code   RO         1577    i.BKP_DeInit        stm32f10x_bkp.o
    0x08001ee0   0x08001ee0   0x0000001c   Code   RO         1582    i.BKP_ReadBackupRegister  stm32f10x_bkp.o
    0x08001efc   0x08001efc   0x0000001c   Code   RO         1586    i.BKP_WriteBackupRegister  stm32f10x_bkp.o
    0x08001f18   0x08001f18   0x00000004   Code   RO          200    i.BusFault_Handler  stm32f10x_it.o
    0x08001f1c   0x08001f1c   0x00000002   Code   RO          201    i.DebugMon_Handler  stm32f10x_it.o
    0x08001f1e   0x08001f1e   0x00000018   Code   RO          354    i.Delay_ms          delay.o
    0x08001f36   0x08001f36   0x0000002e   Code   RO          356    i.Delay_us          delay.o
    0x08001f64   0x08001f64   0x000001b0   Code   RO         1255    i.DinoGame          game_ui.o
    0x08002114   0x08002114   0x00000118   Code   RO          442    i.EXTI15_10_IRQHandler  exti.o
    0x0800222c   0x0800222c   0x0000000c   Code   RO         2115    i.EXTI_ClearITPendingBit  stm32f10x_exti.o
    0x08002238   0x08002238   0x00000028   Code   RO         2119    i.EXTI_GetITStatus  stm32f10x_exti.o
    0x08002260   0x08002260   0x00000094   Code   RO         2120    i.EXTI_Init         stm32f10x_exti.o
    0x080022f4   0x080022f4   0x000000b0   Code   RO          443    i.Exit_Init         exti.o
    0x080023a4   0x080023a4   0x00000040   Code   RO         2465    i.GPIO_EXTILineConfig  stm32f10x_gpio.o
    0x080023e4   0x080023e4   0x00000116   Code   RO         2468    i.GPIO_Init         stm32f10x_gpio.o
    0x080024fa   0x080024fa   0x00000012   Code   RO         2472    i.GPIO_ReadInputDataBit  stm32f10x_gpio.o
    0x0800250c   0x0800250c   0x00000004   Code   RO         2475    i.GPIO_ResetBits    stm32f10x_gpio.o
    0x08002510   0x08002510   0x00000004   Code   RO         2476    i.GPIO_SetBits      stm32f10x_gpio.o
    0x08002514   0x08002514   0x00000148   Code   RO         1256    i.Game_ui           game_ui.o
    0x0800265c   0x0800265c   0x000000ac   Code   RO          381    i.Get_ALR_Value     rtc.o
    0x08002708   0x08002708   0x00000004   Code   RO          202    i.HardFault_Handler  stm32f10x_it.o
    0x0800270c   0x0800270c   0x00000034   Code   RO          822    i.I2C_Start         oled.o
    0x08002740   0x08002740   0x00000024   Code   RO          823    i.I2C_Stop          oled.o
    0x08002764   0x08002764   0x0000002c   Code   RO          824    i.I2C_WaitAck       oled.o
    0x08002790   0x08002790   0x00000010   Code   RO          825    i.IIC_delay         oled.o
    0x080027a0   0x080027a0   0x0000003a   Code   RO          382    i.Is_Leap_Year      rtc.o
    0x080027da   0x080027da   0x00000002   PAD
    0x080027dc   0x080027dc   0x00000010   Code   RO          705    i.LED1_ON           led.o
    0x080027ec   0x080027ec   0x00000034   Code   RO          706    i.LED_Init          led.o
    0x08002820   0x08002820   0x00000004   Code   RO          203    i.MemManage_Handler  stm32f10x_it.o
    0x08002824   0x08002824   0x00000002   Code   RO          204    i.NMI_Handler       stm32f10x_it.o
    0x08002826   0x08002826   0x00000002   PAD
    0x08002828   0x08002828   0x00000070   Code   RO         1317    i.NVIC_Init         misc.o
    0x08002898   0x08002898   0x00000014   Code   RO         1318    i.NVIC_PriorityGroupConfig  misc.o
    0x080028ac   0x080028ac   0x00000030   Code   RO          826    i.OLED_Clear        oled.o
    0x080028dc   0x080028dc   0x00000056   Code   RO          831    i.OLED_DrawBMPFast  oled.o
    0x08002932   0x08002932   0x00000002   PAD
    0x08002934   0x08002934   0x00000130   Code   RO          833    i.OLED_DrawCactusRandom  oled.o
    0x08002a64   0x08002a64   0x000000cc   Code   RO          835    i.OLED_DrawCloud    oled.o
    0x08002b30   0x08002b30   0x00000010   Code   RO          836    i.OLED_DrawCover    oled.o
    0x08002b40   0x08002b40   0x00000084   Code   RO          837    i.OLED_DrawDino     oled.o
    0x08002bc4   0x08002bc4   0x0000019c   Code   RO          838    i.OLED_DrawDinoJump  oled.o
    0x08002d60   0x08002d60   0x0000006c   Code   RO          839    i.OLED_DrawGround   oled.o
    0x08002dcc   0x08002dcc   0x000000ac   Code   RO          840    i.OLED_DrawLine     oled.o
    0x08002e78   0x08002e78   0x00000078   Code   RO          841    i.OLED_DrawPoint    oled.o
    0x08002ef0   0x08002ef0   0x0000011c   Code   RO          843    i.OLED_Init         oled.o
    0x0800300c   0x0800300c   0x00000016   Code   RO          844    i.OLED_Pow          oled.o
    0x08003022   0x08003022   0x00000002   PAD
    0x08003024   0x08003024   0x00000068   Code   RO          845    i.OLED_Refresh      oled.o
    0x0800308c   0x0800308c   0x0000002a   Code   RO          847    i.OLED_SetPos       oled.o
    0x080030b6   0x080030b6   0x00000002   PAD
    0x080030b8   0x080030b8   0x0000013c   Code   RO          848    i.OLED_ShowChar     oled.o
    0x080031f4   0x080031f4   0x00000104   Code   RO          849    i.OLED_ShowChinese  oled.o
    0x080032f8   0x080032f8   0x0000008c   Code   RO          850    i.OLED_ShowNum      oled.o
    0x08003384   0x08003384   0x000000d6   Code   RO          851    i.OLED_ShowPicture  oled.o
    0x0800345a   0x0800345a   0x0000004a   Code   RO          852    i.OLED_ShowString   oled.o
    0x080034a4   0x080034a4   0x00000038   Code   RO          853    i.OLED_WR_Byte      oled.o
    0x080034dc   0x080034dc   0x0000000c   Code   RO         2822    i.PWR_BackupAccessCmd  stm32f10x_pwr.o
    0x080034e8   0x080034e8   0x00000002   Code   RO          205    i.PendSV_Handler    stm32f10x_it.o
    0x080034ea   0x080034ea   0x00000002   PAD
    0x080034ec   0x080034ec   0x00000020   Code   RO         2884    i.RCC_APB1PeriphClockCmd  stm32f10x_rcc.o
    0x0800350c   0x0800350c   0x00000020   Code   RO         2886    i.RCC_APB2PeriphClockCmd  stm32f10x_rcc.o
    0x0800352c   0x0800352c   0x0000000c   Code   RO         2889    i.RCC_BackupResetCmd  stm32f10x_rcc.o
    0x08003538   0x08003538   0x00000014   Code   RO         2890    i.RCC_ClearFlag     stm32f10x_rcc.o
    0x0800354c   0x0800354c   0x000000d4   Code   RO         2894    i.RCC_GetClocksFreq  stm32f10x_rcc.o
    0x08003620   0x08003620   0x0000003c   Code   RO         2895    i.RCC_GetFlagStatus  stm32f10x_rcc.o
    0x0800365c   0x0800365c   0x00000034   Code   RO         2902    i.RCC_LSEConfig     stm32f10x_rcc.o
    0x08003690   0x08003690   0x0000000c   Code   RO         2909    i.RCC_RTCCLKCmd     stm32f10x_rcc.o
    0x0800369c   0x0800369c   0x00000010   Code   RO         2910    i.RCC_RTCCLKConfig  stm32f10x_rcc.o
    0x080036ac   0x080036ac   0x0000002e   Code   RO         1070    i.RTCAlarm_IRQHandler  alarm_clock_ui.o
    0x080036da   0x080036da   0x00000002   PAD
    0x080036dc   0x080036dc   0x00000010   Code   RO         3083    i.RTC_ClearITPendingBit  stm32f10x_rtc.o
    0x080036ec   0x080036ec   0x00000084   Code   RO          383    i.RTC_Config        rtc.o
    0x08003770   0x08003770   0x00000014   Code   RO         3084    i.RTC_EnterConfigMode  stm32f10x_rtc.o
    0x08003784   0x08003784   0x00000014   Code   RO         3085    i.RTC_ExitConfigMode  stm32f10x_rtc.o
    0x08003798   0x08003798   0x0000004c   Code   RO          384    i.RTC_First_Config  rtc.o
    0x080037e4   0x080037e4   0x00000120   Code   RO          385    i.RTC_Get           rtc.o
    0x08003904   0x08003904   0x00000014   Code   RO         3086    i.RTC_GetCounter    stm32f10x_rtc.o
    0x08003918   0x08003918   0x00000024   Code   RO         3089    i.RTC_GetITStatus   stm32f10x_rtc.o
    0x0800393c   0x0800393c   0x00000078   Code   RO          386    i.RTC_Get_Week      rtc.o
    0x080039b4   0x080039b4   0x00000014   Code   RO          387    i.RTC_IRQHandler    rtc.o
    0x080039c8   0x080039c8   0x00000020   Code   RO         3090    i.RTC_ITConfig      stm32f10x_rtc.o
    0x080039e8   0x080039e8   0x000000c4   Code   RO          388    i.RTC_Set           rtc.o
    0x08003aac   0x08003aac   0x0000001c   Code   RO         3091    i.RTC_SetAlarm      stm32f10x_rtc.o
    0x08003ac8   0x08003ac8   0x0000001c   Code   RO         3092    i.RTC_SetCounter    stm32f10x_rtc.o
    0x08003ae4   0x08003ae4   0x00000020   Code   RO         3093    i.RTC_SetPrescaler  stm32f10x_rtc.o
    0x08003b04   0x08003b04   0x00000014   Code   RO         3094    i.RTC_WaitForLastTask  stm32f10x_rtc.o
    0x08003b18   0x08003b18   0x00000024   Code   RO         3095    i.RTC_WaitForSynchro  stm32f10x_rtc.o
    0x08003b3c   0x08003b3c   0x00000002   Code   RO          206    i.SVC_Handler       stm32f10x_it.o
    0x08003b3e   0x08003b3e   0x00000002   PAD
    0x08003b40   0x08003b40   0x0000004c   Code   RO          854    i.Send_Byte         oled.o
    0x08003b8c   0x08003b8c   0x00000008   Code   RO         1283    i.SetSysClock       system_stm32f10x.o
    0x08003b94   0x08003b94   0x000000e0   Code   RO         1284    i.SetSysClockTo72   system_stm32f10x.o
    0x08003c74   0x08003c74   0x00000002   Code   RO          207    i.SysTick_Handler   stm32f10x_it.o
    0x08003c76   0x08003c76   0x00000002   PAD
    0x08003c78   0x08003c78   0x00000060   Code   RO         1286    i.SystemInit        system_stm32f10x.o
    0x08003cd8   0x08003cd8   0x0000005c   Code   RO         1147    i.TIM2_IRQHandler   stop_watch_ui.o
    0x08003d34   0x08003d34   0x00000034   Code   RO          488    i.TIM3_IRQHandler   usart3_tim3_wifi.o
    0x08003d68   0x08003d68   0x0000005c   Code   RO          489    i.TIM3_Int_Init     usart3_tim3_wifi.o
    0x08003dc4   0x08003dc4   0x00000028   Code   RO          490    i.TIM3_Set          usart3_tim3_wifi.o
    0x08003dec   0x08003dec   0x00000062   Code   RO          473    i.TIM_2_Init        tim_2.o
    0x08003e4e   0x08003e4e   0x00000006   Code   RO         3512    i.TIM_ClearFlag     stm32f10x_tim.o
    0x08003e54   0x08003e54   0x00000006   Code   RO         3513    i.TIM_ClearITPendingBit  stm32f10x_tim.o
    0x08003e5a   0x08003e5a   0x00000018   Code   RO         3518    i.TIM_Cmd           stm32f10x_tim.o
    0x08003e72   0x08003e72   0x00000022   Code   RO         3539    i.TIM_GetITStatus   stm32f10x_tim.o
    0x08003e94   0x08003e94   0x00000012   Code   RO         3543    i.TIM_ITConfig      stm32f10x_tim.o
    0x08003ea6   0x08003ea6   0x00000004   Code   RO         3583    i.TIM_SetCounter    stm32f10x_tim.o
    0x08003eaa   0x08003eaa   0x00000002   PAD
    0x08003eac   0x08003eac   0x000000a4   Code   RO         3589    i.TIM_TimeBaseInit  stm32f10x_tim.o
    0x08003f50   0x08003f50   0x00000094   Code   RO          565    i.USART1_IRQHandler  usart1_su30t.o
    0x08003fe4   0x08003fe4   0x0000001a   Code   RO          566    i.USART1_SendArray  usart1_su30t.o
    0x08003ffe   0x08003ffe   0x00000002   PAD
    0x08004000   0x08004000   0x00000020   Code   RO          567    i.USART1_SendByte   usart1_su30t.o
    0x08004020   0x08004020   0x00000026   Code   RO          568    i.USART1_SendPacket  usart1_su30t.o
    0x08004046   0x08004046   0x00000002   PAD
    0x08004048   0x08004048   0x00000040   Code   RO          569    i.USART1_send_time_message  usart1_su30t.o
    0x08004088   0x08004088   0x000000ec   Code   RO          570    i.USART1_send_weather_message  usart1_su30t.o
    0x08004174   0x08004174   0x000000a8   Code   RO          634    i.USART2_IRQHandler  usart2.o
    0x0800421c   0x0800421c   0x00000098   Code   RO          635    i.USART2_init       usart2.o
    0x080042b4   0x080042b4   0x00000078   Code   RO          491    i.USART3_IRQHandler  usart3_tim3_wifi.o
    0x0800432c   0x0800432c   0x00000012   Code   RO         4050    i.USART_ClearFlag   stm32f10x_usart.o
    0x0800433e   0x0800433e   0x0000001e   Code   RO         4051    i.USART_ClearITPendingBit  stm32f10x_usart.o
    0x0800435c   0x0800435c   0x00000018   Code   RO         4054    i.USART_Cmd         stm32f10x_usart.o
    0x08004374   0x08004374   0x0000001a   Code   RO         4057    i.USART_GetFlagStatus  stm32f10x_usart.o
    0x0800438e   0x0800438e   0x00000054   Code   RO         4058    i.USART_GetITStatus  stm32f10x_usart.o
    0x080043e2   0x080043e2   0x0000004a   Code   RO         4060    i.USART_ITConfig    stm32f10x_usart.o
    0x0800442c   0x0800442c   0x000000d8   Code   RO         4061    i.USART_Init        stm32f10x_usart.o
    0x08004504   0x08004504   0x0000000a   Code   RO         4068    i.USART_ReceiveData  stm32f10x_usart.o
    0x0800450e   0x0800450e   0x00000008   Code   RO         4071    i.USART_SendData    stm32f10x_usart.o
    0x08004516   0x08004516   0x00000004   Code   RO          208    i.UsageFault_Handler  stm32f10x_it.o
    0x0800451a   0x0800451a   0x00000028   Code   RO         4990    i.__ARM_fpclassify  m_ws.l(fpclassify.o)
    0x08004542   0x08004542   0x000000aa   Code   RO         4992    i.__kernel_poly     m_ws.l(poly.o)
    0x080045ec   0x080045ec   0x00000010   Code   RO         4976    i.__mathlib_dbl_divzero  m_ws.l(dunder.o)
    0x080045fc   0x080045fc   0x00000004   Code   RO         4978    i.__mathlib_dbl_infnan2  m_ws.l(dunder.o)
    0x08004600   0x08004600   0x0000000c   Code   RO         4979    i.__mathlib_dbl_invalid  m_ws.l(dunder.o)
    0x0800460c   0x0800460c   0x0000000e   Code   RO         4980    i.__mathlib_dbl_overflow  m_ws.l(dunder.o)
    0x0800461a   0x0800461a   0x00000002   PAD
    0x0800461c   0x0800461c   0x00000010   Code   RO         4982    i.__mathlib_dbl_underflow  m_ws.l(dunder.o)
    0x0800462c   0x0800462c   0x0000000e   Code   RO         4773    i._is_digit         c_w.l(__printf_wp.o)
    0x0800463a   0x0800463a   0x00000004   Code   RO          495    i._sys_exit         usart3_tim3_wifi.o
    0x0800463e   0x0800463e   0x0000001c   Code   RO          731    i.acquire_time_message  wifi.o
    0x0800465a   0x0800465a   0x00000002   PAD
    0x0800465c   0x0800465c   0x00000034   Code   RO          732    i.acquire_weather_message  wifi.o
    0x08004690   0x08004690   0x00000320   Code   RO         1071    i.alarm_clock_open_or_close  alarm_clock_ui.o
    0x080049b0   0x080049b0   0x000001c0   Code   RO         1072    i.alarm_clock_state  alarm_clock_ui.o
    0x08004b70   0x08004b70   0x000001ec   Code   RO         1073    i.alarm_clock_ui    alarm_clock_ui.o
    0x08004d5c   0x08004d5c   0x00000070   Code   RO          733    i.atk_8266_quit_trans  wifi.o
    0x08004dcc   0x08004dcc   0x00000058   Code   RO         4301    i.cJSON_Delete      cjson.o
    0x08004e24   0x08004e24   0x00000012   Code   RO         4307    i.cJSON_GetArrayItem  cjson.o
    0x08004e36   0x08004e36   0x00000012   Code   RO         4308    i.cJSON_GetArraySize  cjson.o
    0x08004e48   0x08004e48   0x0000000c   Code   RO         4309    i.cJSON_GetErrorPtr  cjson.o
    0x08004e54   0x08004e54   0x0000001e   Code   RO         4310    i.cJSON_GetObjectItem  cjson.o
    0x08004e72   0x08004e72   0x00000002   PAD
    0x08004e74   0x08004e74   0x00000020   Code   RO         4314    i.cJSON_New_Item    cjson.o
    0x08004e94   0x08004e94   0x00000010   Code   RO         4315    i.cJSON_Parse       cjson.o
    0x08004ea4   0x08004ea4   0x00000064   Code   RO         4316    i.cJSON_ParseWithOpts  cjson.o
    0x08004f08   0x08004f08   0x000001d8   Code   RO          734    i.cJSON_WeatherParse  wifi.o
    0x080050e0   0x080050e0   0x0000004c   Code   RO         4322    i.cJSON_strcasecmp  cjson.o
    0x0800512c   0x0800512c   0x000000e4   Code   RO          735    i.cJSON_time        wifi.o
    0x08005210   0x08005210   0x00000190   Code   RO         1113    i.confirm_set_time  set_time_ui.o
    0x080053a0   0x080053a0   0x0000001e   Code   RO          444    i.delay_us          exti.o
    0x080053be   0x080053be   0x00000002   PAD
    0x080053c0   0x080053c0   0x00000034   Code   RO          736    i.esp8266_check_cmd  wifi.o
    0x080053f4   0x080053f4   0x00000074   Code   RO          737    i.esp8266_send_cmd  wifi.o
    0x08005468   0x08005468   0x0000016c   Code   RO          738    i.esp8266_start_trans  wifi.o
    0x080055d4   0x080055d4   0x00000150   Code   RO         1243    i.explain_ui        explain_ui.o
    0x08005724   0x08005724   0x0000001c   Code   RO          496    i.fputc             usart3_tim3_wifi.o
    0x08005740   0x08005740   0x0000019c   Code   RO          739    i.get_current_time  wifi.o
    0x080058dc   0x080058dc   0x000001ac   Code   RO          740    i.get_current_weather  wifi.o
    0x08005a88   0x08005a88   0x00000158   Code   RO            1    i.main              main.o
    0x08005be0   0x08005be0   0x00000288   Code   RO         1219    i.menu              menu.o
    0x08005e68   0x08005e68   0x00000020   Code   RO         4636    i.my_free           malloc.o
    0x08005e88   0x08005e88   0x00000024   Code   RO         4637    i.my_malloc         malloc.o
    0x08005eac   0x08005eac   0x0000006c   Code   RO         4638    i.my_mem_free       malloc.o
    0x08005f18   0x08005f18   0x00000044   Code   RO         4639    i.my_mem_init       malloc.o
    0x08005f5c   0x08005f5c   0x000000a8   Code   RO         4640    i.my_mem_malloc     malloc.o
    0x08006004   0x08006004   0x00000040   Code   RO         4641    i.my_mem_perused    malloc.o
    0x08006044   0x08006044   0x00000024   Code   RO         4642    i.myfree            malloc.o
    0x08006068   0x08006068   0x00000028   Code   RO         4643    i.mymalloc          malloc.o
    0x08006090   0x08006090   0x00000014   Code   RO         4645    i.mymemset          malloc.o
    0x080060a4   0x080060a4   0x00000050   Code   RO          855    i.oled_drawbmp_block_clear  oled.o
    0x080060f4   0x080060f4   0x000000ac   Code   RO         4326    i.parse_array       cjson.o
    0x080061a0   0x080061a0   0x00000114   Code   RO         4327    i.parse_hex4        cjson.o
    0x080062b4   0x080062b4   0x000001bc   Code   RO         4328    i.parse_number      cjson.o
    0x08006470   0x08006470   0x00000114   Code   RO         4329    i.parse_object      cjson.o
    0x08006584   0x08006584   0x000001cc   Code   RO         4330    i.parse_string      cjson.o
    0x08006750   0x08006750   0x000000bc   Code   RO         4331    i.parse_value       cjson.o
    0x0800680c   0x0800680c   0x000009d8   Code   RO         4849    i.pow               m_ws.l(pow.o)
    0x080071e4   0x080071e4   0x00000070   Code   RO         1148    i.second_show       stop_watch_ui.o
    0x08007254   0x08007254   0x00000584   Code   RO         1074    i.set_alarm_clock   alarm_clock_ui.o
    0x080077d8   0x080077d8   0x0000002c   Code   RO            2    i.set_network_time  main.o
    0x08007804   0x08007804   0x00000784   Code   RO         1114    i.set_time          set_time_ui.o
    0x08007f88   0x08007f88   0x00000140   Code   RO         1115    i.set_ui            set_time_ui.o
    0x080080c8   0x080080c8   0x0000007c   Code   RO            3    i.simple_atoi       main.o
    0x08008144   0x08008144   0x00000012   Code   RO         4339    i.skip              cjson.o
    0x08008156   0x08008156   0x0000004c   Code   RO         4996    i.sqrt              m_ws.l(sqrt.o)
    0x080081a2   0x080081a2   0x00000002   PAD
    0x080081a4   0x080081a4   0x000000e8   Code   RO         1149    i.stop_watch        stop_watch_ui.o
    0x0800828c   0x0800828c   0x00000100   Code   RO         1116    i.time_set_show     set_time_ui.o
    0x0800838c   0x0800838c   0x00000234   Code   RO            4    i.time_show         main.o
    0x080085c0   0x080085c0   0x00000050   Code   RO          636    i.u2_printf         usart2.o
    0x08008610   0x08008610   0x000000a0   Code   RO          571    i.usart1_init       usart1_su30t.o
    0x080086b0   0x080086b0   0x000000c0   Code   RO          497    i.usart3_init       usart3_tim3_wifi.o
    0x08008770   0x08008770   0x00000020   Code   RO         1189    i.weather_data_show  weather_ui.o
    0x08008790   0x08008790   0x000001ac   Code   RO         1190    i.weather_hz        weather_ui.o
    0x0800893c   0x0800893c   0x00000148   Code   RO            5    i.weather_show      main.o
    0x08008a84   0x08008a84   0x0000010c   Code   RO         1191    i.weather_ui        weather_ui.o
    0x08008b90   0x08008b90   0x0000002c   Code   RO         5071    locale$$code        c_w.l(lc_ctype_c.o)
    0x08008bbc   0x08008bbc   0x0000002c   Code   RO         5074    locale$$code        c_w.l(lc_numeric_c.o)
    0x08008be8   0x08008be8   0x00000150   Code   RO         4816    x$fpl$dadd          fz_ws.l(daddsub_clz.o)
    0x08008d38   0x08008d38   0x00000010   Code   RO         5078    x$fpl$dcheck1       fz_ws.l(dcheck1.o)
    0x08008d48   0x08008d48   0x00000018   Code   RO         4955    x$fpl$dcmpinf       fz_ws.l(dcmpi.o)
    0x08008d60   0x08008d60   0x000002b0   Code   RO         4958    x$fpl$ddiv          fz_ws.l(ddiv.o)
    0x08009010   0x08009010   0x0000005e   Code   RO         4824    x$fpl$dfix          fz_ws.l(dfix.o)
    0x0800906e   0x0800906e   0x0000002e   Code   RO         4829    x$fpl$dflt          fz_ws.l(dflt_clz.o)
    0x0800909c   0x0800909c   0x00000078   Code   RO         4834    x$fpl$dleqf         fz_ws.l(dleqf.o)
    0x08009114   0x08009114   0x00000154   Code   RO         4836    x$fpl$dmul          fz_ws.l(dmul.o)
    0x08009268   0x08009268   0x0000009c   Code   RO         4961    x$fpl$dnaninf       fz_ws.l(dnaninf.o)
    0x08009304   0x08009304   0x0000000c   Code   RO         4963    x$fpl$dretinf       fz_ws.l(dretinf.o)
    0x08009310   0x08009310   0x0000006c   Code   RO         4838    x$fpl$drleqf        fz_ws.l(drleqf.o)
    0x0800937c   0x0800937c   0x00000016   Code   RO         4817    x$fpl$drsb          fz_ws.l(daddsub_clz.o)
    0x08009392   0x08009392   0x00000002   PAD
    0x08009394   0x08009394   0x000001cc   Code   RO         5080    x$fpl$dsqrt         fz_ws.l(dsqrt_noumaal.o)
    0x08009560   0x08009560   0x000001d4   Code   RO         4818    x$fpl$dsub          fz_ws.l(daddsub_clz.o)
    0x08009734   0x08009734   0x00000004   Code   RO         4842    x$fpl$printf1       fz_ws.l(printf1.o)
    0x08009738   0x08009738   0x00000004   Code   RO         4967    x$fpl$printf2       fz_ws.l(printf2.o)
    0x0800973c   0x0800973c   0x00000064   Code   RO         5103    x$fpl$retnan        fz_ws.l(retnan.o)
    0x080097a0   0x080097a0   0x0000005c   Code   RO         4973    x$fpl$scalbn        fz_ws.l(scalbn.o)
    0x080097fc   0x080097fc   0x00000030   Code   RO         5115    x$fpl$trapveneer    fz_ws.l(trapv.o)
    0x0800982c   0x0800982c   0x00000000   Code   RO         4975    x$fpl$usenofp       fz_ws.l(usenofp.o)
    0x0800982c   0x0800982c   0x00000018   Data   RO          389    .constdata          rtc.o
    0x08009844   0x08009844   0x00002ed5   Data   RO          857    .constdata          oled.o
    0x0800c719   0x0800c719   0x00000007   Data   RO         4342    .constdata          cjson.o
    0x0800c720   0x0800c720   0x00000018   Data   RO         4650    .constdata          malloc.o
    0x0800c738   0x0800c738   0x00000028   Data   RO         4761    .constdata          c_w.l(_printf_hex_int_ll_ptr.o)
    0x0800c760   0x0800c760   0x00000011   Data   RO         4781    .constdata          c_w.l(__printf_flags_ss_wp.o)
    0x0800c771   0x0800c771   0x00000007   PAD
    0x0800c778   0x0800c778   0x00000088   Data   RO         4850    .constdata          m_ws.l(pow.o)
    0x0800c800   0x0800c800   0x00000008   Data   RO         4882    .constdata          c_w.l(_printf_wctomb.o)
    0x0800c808   0x0800c808   0x00000008   Data   RO         4994    .constdata          m_ws.l(qnan.o)
    0x0800c810   0x0800c810   0x00000026   Data   RO         5031    .constdata          c_w.l(_printf_fp_hex.o)
    0x0800c836   0x0800c836   0x00000002   PAD
    0x0800c838   0x0800c838   0x00000094   Data   RO         5040    .constdata          c_w.l(bigflt0.o)
    0x0800c8cc   0x0800c8cc   0x00000193   Data   RO          742    .conststring        wifi.o
    0x0800ca5f   0x0800ca5f   0x00000001   PAD
    0x0800ca60   0x0800ca60   0x00000020   Data   RO         5174    Region$$Table       anon$$obj.o
    0x0800ca80   0x0800ca80   0x00000110   Data   RO         5070    locale$$data        c_w.l(lc_ctype_c.o)
    0x0800cb90   0x0800cb90   0x0000001c   Data   RO         5073    locale$$data        c_w.l(lc_numeric_c.o)


    Execution Region RW_IRAM1 (Exec base: 0x20000000, Load base: 0x0800cbac, Size: 0x00003ce8, Max: 0x00005000, ABSOLUTE, COMPRESSED[0x000003c4])

    Exec Addr    Load Addr    Size         Type   Attr      Idx    E Section Name        Object

    0x20000000   COMPRESSED   0x0000000a   Data   RW          390    .data               rtc.o
    0x2000000a   COMPRESSED   0x00000005   Data   RW          445    .data               exti.o
    0x2000000f   COMPRESSED   0x00000001   PAD
    0x20000010   COMPRESSED   0x00000006   Data   RW          499    .data               usart3_tim3_wifi.o
    0x20000016   COMPRESSED   0x00000009   Data   RW          573    .data               usart1_su30t.o
    0x2000001f   COMPRESSED   0x00000001   PAD
    0x20000020   COMPRESSED   0x00000004   Data   RW          638    .data               usart2.o
    0x20000024   COMPRESSED   0x00000010   Data   RW          743    .data               wifi.o
    0x20000034   COMPRESSED   0x0000001d   Data   RW          858    .data               oled.o
    0x20000051   COMPRESSED   0x00000005   Data   RW         1076    .data               alarm_clock_ui.o
    0x20000056   COMPRESSED   0x00000009   Data   RW         1118    .data               set_time_ui.o
    0x2000005f   COMPRESSED   0x00000003   Data   RW         1150    .data               stop_watch_ui.o
    0x20000062   COMPRESSED   0x000002f8   Data   RW         1192    .data               weather_ui.o
    0x2000035a   COMPRESSED   0x00000631   Data   RW         1220    .data               menu.o
    0x2000098b   COMPRESSED   0x00000014   Data   RW         2914    .data               stm32f10x_rcc.o
    0x2000099f   COMPRESSED   0x00000001   PAD
    0x200009a0   COMPRESSED   0x0000000c   Data   RW         4343    .data               cjson.o
    0x200009ac   COMPRESSED   0x0000001c   Data   RW         4651    .data               malloc.o
    0x200009c8        -       0x000001f4   Zero   RW          498    .bss                usart3_tim3_wifi.o
    0x20000bbc        -       0x00000190   Zero   RW          637    .bss                usart2.o
    0x20000d4c        -       0x0000018c   Zero   RW          741    .bss                wifi.o
    0x20000ed8        -       0x00000480   Zero   RW          856    .bss                oled.o
    0x20001358        -       0x00000018   Zero   RW         1075    .bss                alarm_clock_ui.o
    0x20001370        -       0x00000018   Zero   RW         1117    .bss                set_time_ui.o
    0x20001388   COMPRESSED   0x00000018   PAD
    0x200013a0        -       0x00002200   Zero   RW         4649    .bss                malloc.o
    0x200035a0        -       0x000000e4   Zero   RW         4791    .bss                c_w.l(rand.o)
    0x20003684        -       0x00000060   Zero   RW         5087    .bss                c_w.l(libspace.o)
    0x200036e4   COMPRESSED   0x00000004   PAD
    0x200036e8        -       0x00000200   Zero   RW          347    HEAP                startup_stm32f10x_md.o
    0x200038e8        -       0x00000400   Zero   RW          346    STACK               startup_stm32f10x_md.o



  Load Region LR$$.ARM.__AT_0x68000000 (Base: 0x68000000, Size: 0x00000000, Max: 0x000f0000, ABSOLUTE)

    Execution Region ER$$.ARM.__AT_0x68000000 (Exec base: 0x68000000, Load base: 0x68000000, Size: 0x000f0000, Max: 0x000f0000, ABSOLUTE, UNINIT)

    Exec Addr    Load Addr    Size         Type   Attr      Idx    E Section Name        Object

    0x68000000        -       0x000f0000   Zero   RW         4647    .ARM.__AT_0x68000000  malloc.o



  Load Region LR$$.ARM.__AT_0x680F0000 (Base: 0x680f0000, Size: 0x00000000, Max: 0x0000f000, ABSOLUTE)

    Execution Region ER$$.ARM.__AT_0x680F0000 (Exec base: 0x680f0000, Load base: 0x680f0000, Size: 0x0000f000, Max: 0x0000f000, ABSOLUTE, UNINIT)

    Exec Addr    Load Addr    Size         Type   Attr      Idx    E Section Name        Object

    0x680f0000        -       0x0000f000   Zero   RW         4648    .ARM.__AT_0x680F0000  malloc.o


==============================================================================

Image component sizes


      Code (inc. data)   RO Data    RW Data    ZI Data      Debug   Object Name

      3198        166          0          5         24       4953   alarm_clock_ui.o
        88         16          0          0          0       1349   beep.o
      2224         88          7         12          0      13179   cjson.o
        70          0          0          0          0        954   delay.o
       336         20          0          0          0        533   explain_ui.o
       486         24          0          5          0       2058   exti.o
       760         54          0          0          0       1541   game_ui.o
        68         10          0          0          0        909   led.o
      1404        220          0          0          0     225307   main.o
       572         72         24         28    1053184       7223   malloc.o
       648         54          0       1585          0       1463   menu.o
       132         22          0          0          0       1659   misc.o
      3418        158      11989         29       1152      20707   oled.o
      1062         80         24         10          0       6116   rtc.o
      2900        162          0          9         24       4369   set_time_ui.o
        64         26        236          0       1536        848   startup_stm32f10x_md.o
        72         10          0          0          0       2848   stm32f10x_bkp.o
       200         18          0          0          0       2276   stm32f10x_exti.o
       368          4          0          0          0       4502   stm32f10x_gpio.o
        26          0          0          0          0     253278   stm32f10x_it.o
        12          6          0          0          0        550   stm32f10x_pwr.o
       448         64          0         20          0       8010   stm32f10x_rcc.o
       288         52          0          0          0       6103   stm32f10x_rtc.o
       256         42          0          0          0       4923   stm32f10x_tim.o
       490          6          0          0          0       7733   stm32f10x_usart.o
       436         40          0          3          0       2230   stop_watch_ui.o
       328         28          0          0          0       1973   system_stm32f10x.o
        98          0          0          0          0        553   tim_2.o
       704        156          0          9          0       5063   usart1_su30t.o
       400         34          0          4        400       3187   usart2.o
       528         52          0          6        500       5859   usart3_tim3_wifi.o
       728        160          0        760          0       2192   weather_ui.o
      2264        920        403         16        396      10240   wifi.o

    ----------------------------------------------------------------------
     25106       2764      12716       2504    1057240     614688   Object Totals
         0          0         32          0          0          0   (incl. Generated)
        30          0          1          3         24          0   (incl. Padding)

    ----------------------------------------------------------------------

      Code (inc. data)   RO Data    RW Data    ZI Data      Debug   Library Member Name

        24          4          0          0          0         84   __2printf.o
        44          6          0          0          0         84   __2sprintf.o
        90          0          0          0          0          0   __dczerorl2.o
         8          0          0          0          0         68   __main.o
       392          4         17          0          0         92   __printf_flags_ss_wp.o
        14          0          0          0          0         68   __printf_wp.o
         0          0          0          0          0          0   __rtentry.o
        12          0          0          0          0          0   __rtentry2.o
         6          0          0          0          0          0   __rtentry4.o
        52          8          0          0          0          0   __scatter.o
        28          0          0          0          0          0   __scatter_zi.o
         6          0          0          0          0          0   _printf_a.o
         6          0          0          0          0          0   _printf_c.o
        44          0          0          0          0        108   _printf_char.o
        48          6          0          0          0         96   _printf_char_common.o
        36          4          0          0          0         80   _printf_char_file.o
        40          0          0          0          0         68   _printf_charcount.o
         6          0          0          0          0          0   _printf_d.o
       120         16          0          0          0         92   _printf_dec.o
         6          0          0          0          0          0   _printf_e.o
         6          0          0          0          0          0   _printf_f.o
      1054          0          0          0          0        216   _printf_fp_dec.o
       764          8         38          0          0        100   _printf_fp_hex.o
       128         16          0          0          0         84   _printf_fp_infnan.o
         6          0          0          0          0          0   _printf_g.o
       148          4         40          0          0        160   _printf_hex_int_ll_ptr.o
         6          0          0          0          0          0   _printf_i.o
       178          0          0          0          0         88   _printf_intcommon.o
        10          0          0          0          0          0   _printf_l.o
         6          0          0          0          0          0   _printf_lc.o
        10          0          0          0          0          0   _printf_ll.o
         6          0          0          0          0          0   _printf_lld.o
         6          0          0          0          0          0   _printf_lli.o
         6          0          0          0          0          0   _printf_llo.o
         6          0          0          0          0          0   _printf_llu.o
         6          0          0          0          0          0   _printf_llx.o
       124         16          0          0          0         92   _printf_longlong_dec.o
         6          0          0          0          0          0   _printf_ls.o
         6          0          0          0          0          0   _printf_n.o
         6          0          0          0          0          0   _printf_o.o
       112         10          0          0          0        124   _printf_oct_int_ll.o
         6          0          0          0          0          0   _printf_p.o
        78          0          0          0          0        108   _printf_pad.o
         0          0          0          0          0          0   _printf_percent.o
         4          0          0          0          0          0   _printf_percent_end.o
         6          0          0          0          0          0   _printf_s.o
        82          0          0          0          0         80   _printf_str.o
        36          0          0          0          0         84   _printf_truncate.o
         6          0          0          0          0          0   _printf_u.o
        44          0          0          0          0        108   _printf_wchar.o
       188          6          8          0          0         92   _printf_wctomb.o
         6          0          0          0          0          0   _printf_x.o
        22          0          0          0          0        100   _rserrno.o
        10          0          0          0          0         68   _sputc.o
        64          0          0          0          0         92   _wcrtomb.o
       228          4        148          0          0         96   bigflt0.o
      1936        128          0          0          0        672   btod.o
        18          0          0          0          0         80   exit.o
         8          0          0          0          0         68   ferror.o
         6          0          0          0          0        152   heapauxi.o
        44         10        272          0          0         76   lc_ctype_c.o
        44         10         28          0          0         76   lc_numeric_c.o
         2          0          0          0          0          0   libinit.o
        34          0          0          0          0          0   libinit2.o
         2          0          0          0          0          0   libshutdown.o
         2          0          0          0          0          0   libshutdown2.o
         8          4          0          0         96         68   libspace.o
       138          0          0          0          0         80   lludiv10.o
       112         18          0          0        228        160   rand.o
        16          4          0          0          0         76   rt_ctype_table.o
         8          4          0          0          0         68   rt_errno_addr_intlibspace.o
         8          4          0          0          0         68   rt_locale_intlibspace.o
        78          0          0          0          0         80   rt_memclr_w.o
       138          0          0          0          0         68   rt_memcpy_v6.o
       100          0          0          0          0         80   rt_memcpy_w.o
         2          0          0          0          0          0   rtexit.o
        10          0          0          0          0          0   rtexit2.o
       128          0          0          0          0         68   strcmpv7m.o
        62          0          0          0          0         76   strlen.o
       150          0          0          0          0         80   strncmp.o
        36          0          0          0          0         80   strstr.o
        74          0          0          0          0         80   sys_stackheap_outer.o
        26          0          0          0          0         76   tolower.o
         2          0          0          0          0         68   use_no_semi.o
         2          0          0          0          0         68   use_no_semi_2.o
        36          4          0          0          0         76   vsprintf.o
       826         16          0          0          0        348   daddsub_clz.o
        16          4          0          0          0         68   dcheck1.o
        24          0          0          0          0         68   dcmpi.o
       688        140          0          0          0        208   ddiv.o
        94          4          0          0          0         92   dfix.o
        46          0          0          0          0         68   dflt_clz.o
       120          4          0          0          0         92   dleqf.o
       340         12          0          0          0        104   dmul.o
       156          4          0          0          0         92   dnaninf.o
        12          0          0          0          0         68   dretinf.o
       108          0          0          0          0         80   drleqf.o
       460         56          0          0          0        120   dsqrt_noumaal.o
         4          0          0          0          0         68   printf1.o
         4          0          0          0          0         68   printf2.o
       100          0          0          0          0         68   retnan.o
        92          0          0          0          0         68   scalbn.o
        48          0          0          0          0         68   trapv.o
         0          0          0          0          0          0   usenofp.o
        62         10          0          0          0        340   dunder.o
        40          0          0          0          0         68   fpclassify.o
       170          0          0          0          0         96   poly.o
      2520        190        136          0          0        324   pow.o
         0          0          8          0          0          0   qnan.o
        76          0          0          0          0         84   sqrt.o

    ----------------------------------------------------------------------
     13614        738        704          0        328       7736   Library Totals
        16          0          9          0          4          0   (incl. Padding)

    ----------------------------------------------------------------------

      Code (inc. data)   RO Data    RW Data    ZI Data      Debug   Library Name

      7592        298        551          0        324       5076   c_w.l
      3138        240          0          0          0       1748   fz_ws.l
      2868        200        144          0          0        912   m_ws.l

    ----------------------------------------------------------------------
     13614        738        704          0        328       7736   Library Totals

    ----------------------------------------------------------------------

==============================================================================


      Code (inc. data)   RO Data    RW Data    ZI Data      Debug   

     38720       3502      13420       2504    1057568     608900   Grand Totals
     38720       3502      13420        964    1057568     608900   ELF Image Totals (compressed)
     38720       3502      13420        964          0          0   ROM Totals

==============================================================================

    Total RO  Size (Code + RO Data)                52140 (  50.92kB)
    Total RW  Size (RW Data + ZI Data)           1060072 (1035.23kB)
    Total ROM Size (Code + RO Data + RW Data)      53104 (  51.86kB)

==============================================================================

